../Core/Src/main.c:910:6:StartDefaultTask	16	static
../Core/Src/main.c:1738:6:show	48	static
../Core/Src/main.c:1837:6:Imu_Task	32	static
../Core/Src/main.c:1900:6:PidTask	152	static
../Core/Src/main.c:1985:6:EncoderTask	48	static
../Core/Src/main.c:375:6:SystemClock_Config	88	static,ignoring_inline_asm
../Core/Src/main.c:239:5:main	144	static,ignoring_inline_asm
../Core/Src/main.c:877:6:HAL_ADC_ConvCpltCallback	48	static
../Core/Src/main.c:939:6:enQueue	16	static
../Core/Src/main.c:951:12:deQueue	16	static
../Core/Src/main.c:977:5:itemInQueue	0	static
../Core/Src/main.c:987:6:display	24	static
../Core/Src/main.c:1003:6:motor_A_init	0	static
../Core/Src/main.c:1007:6:motor_C_init	0	static
../Core/Src/main.c:1011:6:steering_init	0	static
../Core/Src/main.c:1016:6:init_motors	8	static
../Core/Src/main.c:1022:6:set_A_clockwise	8	static
../Core/Src/main.c:1027:6:set_A_anticlockwise	8	static
../Core/Src/main.c:1032:6:set_C_anticlockwise	8	static
../Core/Src/main.c:1037:6:set_C_clockwise	8	static
../Core/Src/main.c:1042:6:set_A_pwm	0	static
../Core/Src/main.c:1046:6:set_C_pwm	0	static
../Core/Src/main.c:1050:6:move_forward	8	static
../Core/Src/main.c:1061:6:move_backward	8	static
../Core/Src/main.c:1073:6:move_tank_turn	8	static
../Core/Src/main.c:1082:6:stop_motor	0	static
../Core/Src/main.c:1091:6:steer_left	16	static
../Core/Src/main.c:1105:6:steer_right	16	static
../Core/Src/main.c:1119:6:steer_slightly_right	0	static
../Core/Src/main.c:1130:6:steer_angle	16	static
../Core/Src/main.c:2043:6:SteeringTask	32	static
../Core/Src/main.c:1144:6:steer_center	16	static
../Core/Src/main.c:1159:6:unit_forward	8	static
../Core/Src/main.c:1166:6:unit_left	8	static
../Core/Src/main.c:1173:6:unit_reverse_left	8	static
../Core/Src/main.c:1180:6:unit_right	8	static
../Core/Src/main.c:1187:6:round_about	8	static
../Core/Src/main.c:1204:6:angle_turn	8	static
../Core/Src/main.c:1217:6:unit_reverse_right	8	static
../Core/Src/main.c:1225:6:unit_reverse	8	static
../Core/Src/main.c:1232:6:spot_turn_right	8	static
../Core/Src/main.c:1243:6:spot_turn_left	8	static
../Core/Src/main.c:1254:6:add_item_to_queue	64	static
../Core/Src/main.c:860:6:HAL_UART_RxCpltCallback	8	static
../Core/Src/main.c:1286:5:get_current_distance	0	static
../Core/Src/main.c:1292:6:update_global_yaw	0	static
../Core/Src/main.c:1296:6:custom_stop_delay_angle	32	static
../Core/Src/main.c:1335:6:stop_delay_angle	16	static
../Core/Src/main.c:1373:6:stop_delay	24	static
../Core/Src/main.c:1413:6:send_tx	16	static
../Core/Src/main.c:1419:6:fix_backward_turning	8	static
../Core/Src/main.c:1439:6:fix_forward_turning	8	static
../Core/Src/main.c:1459:6:custom_turn	8	static
../Core/Src/main.c:1489:6:update_motor	64	static
../Core/Src/main.c:1631:6:motors	8	static
../Core/Src/main.c:2100:6:Error_Handler	0	static,ignoring_inline_asm
