../Core/Src/stm32f4xx_hal_msp.c:66:6:HAL_MspInit	8	static
../Core/Src/stm32f4xx_hal_msp.c:90:6:HAL_ADC_MspInit	48	static
../Core/Src/stm32f4xx_hal_msp.c:142:6:HAL_ADC_MspDeInit	8	static
../Core/Src/stm32f4xx_hal_msp.c:172:6:HAL_I2C_MspInit	48	static
../Core/Src/stm32f4xx_hal_msp.c:208:6:HAL_I2C_MspDeInit	8	static
../Core/Src/stm32f4xx_hal_msp.c:239:6:HAL_TIM_PWM_MspInit	8	static
../Core/Src/stm32f4xx_hal_msp.c:261:6:HAL_TIM_Encoder_MspInit	56	static
../Core/Src/stm32f4xx_hal_msp.c:329:6:HAL_TIM_Base_MspInit	40	static
../Core/Src/stm32f4xx_hal_msp.c:360:6:HAL_TIM_MspPostInit	32	static
../Core/Src/stm32f4xx_hal_msp.c:392:6:HAL_TIM_PWM_MspDeInit	0	static
../Core/Src/stm32f4xx_hal_msp.c:414:6:HAL_TIM_Encoder_MspDeInit	8	static
../Core/Src/stm32f4xx_hal_msp.c:463:6:HAL_TIM_Base_MspDeInit	0	static
../Core/Src/stm32f4xx_hal_msp.c:493:6:HAL_UART_MspInit	40	static
../Core/Src/stm32f4xx_hal_msp.c:532:6:HAL_UART_MspDeInit	8	static
