Archive member included to satisfy reference by file (symbol)

c:/st/stm32cubeide_1.10.1/stm32cubeide/plugins/com.st.stm32cube.ide.mcu.externaltools.gnu-tools-for-stm32.10.3-2021.10.win32_1.0.0.202111181127/tools/bin/../lib/gcc/arm-none-eabi/10.3.1/../../../../arm-none-eabi/lib/thumb/v7e-m+fp/hard\libc_nano.a(lib_a-atoi.o)
                              ./Core/Src/main.o (atoi)
c:/st/stm32cubeide_1.10.1/stm32cubeide/plugins/com.st.stm32cube.ide.mcu.externaltools.gnu-tools-for-stm32.10.3-2021.10.win32_1.0.0.202111181127/tools/bin/../lib/gcc/arm-none-eabi/10.3.1/../../../../arm-none-eabi/lib/thumb/v7e-m+fp/hard\libc_nano.a(lib_a-errno.o)
                              ./Core/Src/syscalls.o (__errno)
c:/st/stm32cubeide_1.10.1/stm32cubeide/plugins/com.st.stm32cube.ide.mcu.externaltools.gnu-tools-for-stm32.10.3-2021.10.win32_1.0.0.202111181127/tools/bin/../lib/gcc/arm-none-eabi/10.3.1/../../../../arm-none-eabi/lib/thumb/v7e-m+fp/hard\libc_nano.a(lib_a-exit.o)
                              c:/st/stm32cubeide_1.10.1/stm32cubeide/plugins/com.st.stm32cube.ide.mcu.externaltools.gnu-tools-for-stm32.10.3-2021.10.win32_1.0.0.202111181127/tools/bin/../lib/gcc/arm-none-eabi/10.3.1/../../../../arm-none-eabi/lib/thumb/v7e-m+fp/hard/crt0.o (exit)
c:/st/stm32cubeide_1.10.1/stm32cubeide/plugins/com.st.stm32cube.ide.mcu.externaltools.gnu-tools-for-stm32.10.3-2021.10.win32_1.0.0.202111181127/tools/bin/../lib/gcc/arm-none-eabi/10.3.1/../../../../arm-none-eabi/lib/thumb/v7e-m+fp/hard\libc_nano.a(lib_a-impure.o)
                              c:/st/stm32cubeide_1.10.1/stm32cubeide/plugins/com.st.stm32cube.ide.mcu.externaltools.gnu-tools-for-stm32.10.3-2021.10.win32_1.0.0.202111181127/tools/bin/../lib/gcc/arm-none-eabi/10.3.1/../../../../arm-none-eabi/lib/thumb/v7e-m+fp/hard\libc_nano.a(lib_a-exit.o) (_global_impure_ptr)
c:/st/stm32cubeide_1.10.1/stm32cubeide/plugins/com.st.stm32cube.ide.mcu.externaltools.gnu-tools-for-stm32.10.3-2021.10.win32_1.0.0.202111181127/tools/bin/../lib/gcc/arm-none-eabi/10.3.1/../../../../arm-none-eabi/lib/thumb/v7e-m+fp/hard\libc_nano.a(lib_a-init.o)
                              c:/st/stm32cubeide_1.10.1/stm32cubeide/plugins/com.st.stm32cube.ide.mcu.externaltools.gnu-tools-for-stm32.10.3-2021.10.win32_1.0.0.202111181127/tools/bin/../lib/gcc/arm-none-eabi/10.3.1/../../../../arm-none-eabi/lib/thumb/v7e-m+fp/hard/crt0.o (__libc_init_array)
c:/st/stm32cubeide_1.10.1/stm32cubeide/plugins/com.st.stm32cube.ide.mcu.externaltools.gnu-tools-for-stm32.10.3-2021.10.win32_1.0.0.202111181127/tools/bin/../lib/gcc/arm-none-eabi/10.3.1/../../../../arm-none-eabi/lib/thumb/v7e-m+fp/hard\libc_nano.a(lib_a-memcpy-stub.o)
                              ./Middlewares/Third_Party/FreeRTOS/Source/CMSIS_RTOS_V2/cmsis_os2.o (memcpy)
c:/st/stm32cubeide_1.10.1/stm32cubeide/plugins/com.st.stm32cube.ide.mcu.externaltools.gnu-tools-for-stm32.10.3-2021.10.win32_1.0.0.202111181127/tools/bin/../lib/gcc/arm-none-eabi/10.3.1/../../../../arm-none-eabi/lib/thumb/v7e-m+fp/hard\libc_nano.a(lib_a-memset.o)
                              c:/st/stm32cubeide_1.10.1/stm32cubeide/plugins/com.st.stm32cube.ide.mcu.externaltools.gnu-tools-for-stm32.10.3-2021.10.win32_1.0.0.202111181127/tools/bin/../lib/gcc/arm-none-eabi/10.3.1/../../../../arm-none-eabi/lib/thumb/v7e-m+fp/hard/crt0.o (memset)
c:/st/stm32cubeide_1.10.1/stm32cubeide/plugins/com.st.stm32cube.ide.mcu.externaltools.gnu-tools-for-stm32.10.3-2021.10.win32_1.0.0.202111181127/tools/bin/../lib/gcc/arm-none-eabi/10.3.1/../../../../arm-none-eabi/lib/thumb/v7e-m+fp/hard\libc_nano.a(lib_a-nano-vfprintf_float.o)
                              (_printf_float)
c:/st/stm32cubeide_1.10.1/stm32cubeide/plugins/com.st.stm32cube.ide.mcu.externaltools.gnu-tools-for-stm32.10.3-2021.10.win32_1.0.0.202111181127/tools/bin/../lib/gcc/arm-none-eabi/10.3.1/../../../../arm-none-eabi/lib/thumb/v7e-m+fp/hard\libc_nano.a(lib_a-nano-vfprintf_i.o)
                              c:/st/stm32cubeide_1.10.1/stm32cubeide/plugins/com.st.stm32cube.ide.mcu.externaltools.gnu-tools-for-stm32.10.3-2021.10.win32_1.0.0.202111181127/tools/bin/../lib/gcc/arm-none-eabi/10.3.1/../../../../arm-none-eabi/lib/thumb/v7e-m+fp/hard\libc_nano.a(lib_a-nano-vfprintf_float.o) (_printf_common)
c:/st/stm32cubeide_1.10.1/stm32cubeide/plugins/com.st.stm32cube.ide.mcu.externaltools.gnu-tools-for-stm32.10.3-2021.10.win32_1.0.0.202111181127/tools/bin/../lib/gcc/arm-none-eabi/10.3.1/../../../../arm-none-eabi/lib/thumb/v7e-m+fp/hard\libc_nano.a(lib_a-printf.o)
                              ./Core/Src/main.o (printf)
c:/st/stm32cubeide_1.10.1/stm32cubeide/plugins/com.st.stm32cube.ide.mcu.externaltools.gnu-tools-for-stm32.10.3-2021.10.win32_1.0.0.202111181127/tools/bin/../lib/gcc/arm-none-eabi/10.3.1/../../../../arm-none-eabi/lib/thumb/v7e-m+fp/hard\libc_nano.a(lib_a-putchar.o)
                              ./Core/Src/main.o (putchar)
[...]
Memory Configuration

Name             Origin             Length             Attributes
CCMRAM           0x0000000010000000 0x0000000000010000 xrw
RAM              0x0000000020000000 0x0000000000020000 xrw
FLASH            0x0000000008000000 0x0000000000080000 xr
*default*        0x0000000000000000 0xffffffffffffffff

Linker script and memory map

LOAD c:/st/stm32cubeide_1.10.1/stm32cubeide/plugins/com.st.stm32cube.ide.mcu.externaltools.gnu-tools-for-stm32.10.3-2021.10.win32_1.0.0.202111181127/tools/bin/../lib/gcc/arm-none-eabi/10.3.1/thumb/v7e-m+fp/hard/crti.o
LOAD c:/st/stm32cubeide_1.10.1/stm32cubeide/plugins/com.st.stm32cube.ide.mcu.externaltools.gnu-tools-for-stm32.10.3-2021.10.win32_1.0.0.202111181127/tools/bin/../lib/gcc/arm-none-eabi/10.3.1/thumb/v7e-m+fp/hard/crtbegin.o
LOAD c:/st/stm32cubeide_1.10.1/stm32cubeide/plugins/com.st.stm32cube.ide.mcu.externaltools.gnu-tools-for-stm32.10.3-2021.10.win32_1.0.0.202111181127/tools/bin/../lib/gcc/arm-none-eabi/10.3.1/../../../../arm-none-eabi/lib/thumb/v7e-m+fp/hard/crt0.o
LOAD ./Core/Src/freertos.o
LOAD ./Core/Src/main.o
LOAD ./Core/Src/main2.o
LOAD ./Core/Src/main_A1_backup.o
LOAD ./Core/Src/main_backup.o
LOAD ./Core/Src/main_loke.o
LOAD ./Core/Src/motor.o
LOAD ./Core/Src/pid.o
LOAD ./Core/Src/stm32f4xx_hal_msp.o
LOAD ./Core/Src/stm32f4xx_it.o
LOAD ./Core/Src/syscalls.o
LOAD ./Core/Src/sysmem.o
LOAD ./Core/Src/system_stm32f4xx.o
LOAD ./Core/Startup/startup_stm32f407vetx.o
LOAD ./Drivers/STM32F4xx_HAL_Driver/Src/stm32f4xx_hal.o
LOAD ./Drivers/STM32F4xx_HAL_Driver/Src/stm32f4xx_hal_adc.o
LOAD ./Drivers/STM32F4xx_HAL_Driver/Src/stm32f4xx_hal_adc_ex.o
LOAD ./Drivers/STM32F4xx_HAL_Driver/Src/stm32f4xx_hal_cortex.o
LOAD ./Drivers/STM32F4xx_HAL_Driver/Src/stm32f4xx_hal_dma.o
LOAD ./Drivers/STM32F4xx_HAL_Driver/Src/stm32f4xx_hal_dma_ex.o
LOAD ./Drivers/STM32F4xx_HAL_Driver/Src/stm32f4xx_hal_exti.o
LOAD ./Drivers/STM32F4xx_HAL_Driver/Src/stm32f4xx_hal_flash.o
LOAD ./Drivers/STM32F4xx_HAL_Driver/Src/stm32f4xx_hal_flash_ex.o
LOAD ./Drivers/STM32F4xx_HAL_Driver/Src/stm32f4xx_hal_flash_ramfunc.o
LOAD ./Drivers/STM32F4xx_HAL_Driver/Src/stm32f4xx_hal_gpio.o
LOAD ./Drivers/STM32F4xx_HAL_Driver/Src/stm32f4xx_hal_i2c.o
LOAD ./Drivers/STM32F4xx_HAL_Driver/Src/stm32f4xx_hal_i2c_ex.o
LOAD ./Drivers/STM32F4xx_HAL_Driver/Src/stm32f4xx_hal_pwr.o
LOAD ./Drivers/STM32F4xx_HAL_Driver/Src/stm32f4xx_hal_pwr_ex.o
LOAD ./Drivers/STM32F4xx_HAL_Driver/Src/stm32f4xx_hal_rcc.o
LOAD ./Drivers/STM32F4xx_HAL_Driver/Src/stm32f4xx_hal_rcc_ex.o
LOAD ./Drivers/STM32F4xx_HAL_Driver/Src/stm32f4xx_hal_tim.o
LOAD ./Drivers/STM32F4xx_HAL_Driver/Src/stm32f4xx_hal_tim_ex.o
LOAD ./Drivers/STM32F4xx_HAL_Driver/Src/stm32f4xx_hal_uart.o
LOAD ./Drivers/STM32F4xx_HAL_Driver/Src/stm32f4xx_ll_adc.o
LOAD ./Middlewares/Third_Party/FreeRTOS/Source/CMSIS_RTOS_V2/cmsis_os2.o
LOAD ./Middlewares/Third_Party/FreeRTOS/Source/croutine.o
LOAD ./Middlewares/Third_Party/FreeRTOS/Source/event_groups.o
LOAD ./Middlewares/Third_Party/FreeRTOS/Source/list.o
LOAD ./Middlewares/Third_Party/FreeRTOS/Source/queue.o
LOAD ./Middlewares/Third_Party/FreeRTOS/Source/stream_buffer.o
LOAD ./Middlewares/Third_Party/FreeRTOS/Source/tasks.o
LOAD ./Middlewares/Third_Party/FreeRTOS/Source/timers.o
LOAD ./Middlewares/Third_Party/FreeRTOS/Source/portable/GCC/ARM_CM4F/port.o
LOAD ./Middlewares/Third_Party/FreeRTOS/Source/portable/MemMang/heap_4.o
LOAD ./PeripheralDriver/Src/IMU.o
LOAD ./PeripheralDriver/Src/oled.o
LOAD ./PeripheralDriver/Src/tm_stm32_ahrs_imu.o
START GROUP
LOAD c:/st/stm32cubeide_1.10.1/stm32cubeide/plugins/com.st.stm32cube.ide.mcu.externaltools.gnu-tools-for-stm32.10.3-2021.10.win32_1.0.0.202111181127/tools/bin/../lib/gcc/arm-none-eabi/10.3.1/../../../../arm-none-eabi/lib/thumb/v7e-m+fp/hard\libc_nano.a
LOAD c:/st/stm32cubeide_1.10.1/stm32cubeide/plugins/com.st.stm32cube.ide.mcu.externaltools.gnu-tools-for-stm32.10.3-2021.10.win32_1.0.0.202111181127/tools/bin/../lib/gcc/arm-none-eabi/10.3.1/../../../../arm-none-eabi/lib/thumb/v7e-m+fp/hard\libm.a
END GROUP
START GROUP
LOAD c:/st/stm32cubeide_1.10.1/stm32cubeide/plugins/com.st.stm32cube.ide.mcu.externaltools.gnu-tools-for-stm32.10.3-2021.10.win32_1.0.0.202111181127/tools/bin/../lib/gcc/arm-none-eabi/10.3.1/thumb/v7e-m+fp/hard\libgcc.a
LOAD c:/st/stm32cubeide_1.10.1/stm32cubeide/plugins/com.st.stm32cube.ide.mcu.externaltools.gnu-tools-for-stm32.10.3-2021.10.win32_1.0.0.202111181127/tools/bin/../lib/gcc/arm-none-eabi/10.3.1/../../../../arm-none-eabi/lib/thumb/v7e-m+fp/hard\libc_nano.a
END GROUP
START GROUP
LOAD c:/st/stm32cubeide_1.10.1/stm32cubeide/plugins/com.st.stm32cube.ide.mcu.externaltools.gnu-tools-for-stm32.10.3-2021.10.win32_1.0.0.202111181127/tools/bin/../lib/gcc/arm-none-eabi/10.3.1/thumb/v7e-m+fp/hard\libgcc.a
LOAD c:/st/stm32cubeide_1.10.1/stm32cubeide/plugins/com.st.stm32cube.ide.mcu.externaltools.gnu-tools-for-stm32.10.3-2021.10.win32_1.0.0.202111181127/tools/bin/../lib/gcc/arm-none-eabi/10.3.1/../../../../arm-none-eabi/lib/thumb/v7e-m+fp/hard\libc_nano.a
LOAD c:/st/stm32cubeide_1.10.1/stm32cubeide/plugins/com.st.stm32cube.ide.mcu.externaltools.gnu-tools-for-stm32.10.3-2021.10.win32_1.0.0.202111181127/tools/bin/../lib/gcc/arm-none-eabi/10.3.1/../../../../arm-none-eabi/lib/thumb/v7e-m+fp/hard\libnosys.a
END GROUP
START GROUP
LOAD c:/st/stm32cubeide_1.10.1/stm32cubeide/plugins/com.st.stm32cube.ide.mcu.externaltools.gnu-tools-for-stm32.10.3-2021.10.win32_1.0.0.202111181127/tools/bin/../lib/gcc/arm-none-eabi/10.3.1/thumb/v7e-m+fp/hard\libgcc.a
LOAD c:/st/stm32cubeide_1.10.1/stm32cubeide/plugins/com.st.stm32cube.ide.mcu.externaltools.gnu-tools-for-stm32.10.3-2021.10.win32_1.0.0.202111181127/tools/bin/../lib/gcc/arm-none-eabi/10.3.1/../../../../arm-none-eabi/lib/thumb/v7e-m+fp/hard\libc_nano.a
LOAD c:/st/stm32cubeide_1.10.1/stm32cubeide/plugins/com.st.stm32cube.ide.mcu.externaltools.gnu-tools-for-stm32.10.3-2021.10.win32_1.0.0.202111181127/tools/bin/../lib/gcc/arm-none-eabi/10.3.1/../../../../arm-none-eabi/lib/thumb/v7e-m+fp/hard\libnosys.a
END GROUP
LOAD c:/st/stm32cubeide_1.10.1/stm32cubeide/plugins/com.st.stm32cube.ide.mcu.externaltools.gnu-tools-for-stm32.10.3-2021.10.win32_1.0.0.202111181127/tools/bin/../lib/gcc/arm-none-eabi/10.3.1/thumb/v7e-m+fp/hard/crtend.o
LOAD c:/st/stm32cubeide_1.10.1/stm32cubeide/plugins/com.st.stm32cube.ide.mcu.externaltools.gnu-tools-for-stm32.10.3-2021.10.win32_1.0.0.202111181127/tools/bin/../lib/gcc/arm-none-eabi/10.3.1/thumb/v7e-m+fp/hard/crtn.o
                0x0000000020020000                _estack = (ORIGIN (RAM) + LENGTH (RAM))
                0x0000000000000200                _Min_Heap_Size = 0x200
                0x0000000000000400                _Min_Stack_Size = 0x400

.isr_vector     0x0000000008000000      0x188
                0x0000000008000000                . = ALIGN (0x4)
 *(.isr_vector)
 .isr_vector    0x0000000008000000      0x188 ./Core/Startup/startup_stm32f407vetx.o
                0x0000000008000000                g_pfnVectors
                0x0000000008000188                . = ALIGN (0x4)

.text           0x0000000008000190     0xafb8
                0x0000000008000190                . = ALIGN (0x4)
 *(.text)
 .text          0x0000000008000190       0x40 c:/st/stm32cubeide_1.10.1/stm32cubeide/plugins/com.st.stm32cube.ide.mcu.externaltools.gnu-tools-for-stm32.10.3-2021.10.win32_1.0.0.202111181127/tools/bin/../lib/gcc/arm-none-eabi/10.3.1/thumb/v7e-m+fp/hard/crtbegin.o
 .text          0x00000000080001d0       0x10 c:/st/stm32cubeide_1.10.1/stm32cubeide/plugins/com.st.stm32cube.ide.mcu.externaltools.gnu-tools-for-stm32.10.3-2021.10.win32_1.0.0.202111181127/tools/bin/../lib/gcc/arm-none-eabi/10.3.1/../../../../arm-none-eabi/lib/thumb/v7e-m+fp/hard\libc_nano.a(lib_a-strlen.o)
                0x00000000080001d0                strlen
 .text          0x00000000080001e0       0xa0 c:/st/stm32cubeide_1.10.1/stm32cubeide/plugins/com.st.stm32cube.ide.mcu.externaltools.gnu-tools-for-stm32.10.3-2021.10.win32_1.0.0.202111181127/tools/bin/../lib/gcc/arm-none-eabi/10.3.1/../../../../arm-none-eabi/lib/thumb/v7e-m+fp/hard\libc_nano.a(lib_a-memchr.o)
                0x00000000080001e0                memchr
 .text          0x0000000008000280      0x378 c:/st/stm32cubeide_1.10.1/stm32cubeide/plugins/com.st.stm32cube.ide.mcu.externaltools.gnu-tools-for-stm32.10.3-2021.10.win32_1.0.0.202111181127/tools/bin/../lib/gcc/arm-none-eabi/10.3.1/thumb/v7e-m+fp/hard\libgcc.a(_arm_addsubdf3.o)
                0x0000000008000280                __aeabi_drsub
                0x0000000008000288                __aeabi_dsub
                0x0000000008000288                __subdf3
                0x000000000800028c                __aeabi_dadd
                0x000000000800028c                __adddf3
                0x0000000008000504                __floatunsidf
                0x0000000008000504                __aeabi_ui2d
                0x0000000008000524                __floatsidf
                0x0000000008000524                __aeabi_i2d
                0x0000000008000548                __aeabi_f2d
                0x0000000008000548                __extendsfdf2
                0x000000000800058c                __floatundidf
                0x000000000800058c                __aeabi_ul2d
                0x000000000800059c                __floatdidf
                0x000000000800059c                __aeabi_l2d
 .text          0x00000000080005f8      0x424 c:/st/stm32cubeide_1.10.1/stm32cubeide/plugins/com.st.stm32cube.ide.mcu.externaltools.gnu-tools-for-stm32.10.3-2021.10.win32_1.0.0.202111181127/tools/bin/../lib/gcc/arm-none-eabi/10.3.1/thumb/v7e-m+fp/hard\libgcc.a(_arm_muldivdf3.o)
                0x00000000080005f8                __aeabi_dmul
                0x00000000080005f8                __muldf3
                0x000000000800084c                __divdf3
                0x000000000800084c                __aeabi_ddiv
 .text          0x0000000008000a1c      0x110 c:/st/stm32cubeide_1.10.1/stm32cubeide/plugins/com.st.stm32cube.ide.mcu.externaltools.gnu-tools-for-stm32.10.3-2021.10.win32_1.0.0.202111181127/tools/bin/../lib/gcc/arm-none-eabi/10.3.1/thumb/v7e-m+fp/hard\libgcc.a(_arm_cmpdf2.o)
                0x0000000008000a1c                __gtdf2
                0x0000000008000a1c                __gedf2
                0x0000000008000a24                __ltdf2
                0x0000000008000a24                __ledf2
                0x0000000008000a2c                __nedf2
                0x0000000008000a2c                __eqdf2
                0x0000000008000a2c                __cmpdf2
                0x0000000008000aa8                __aeabi_cdrcmple
                0x0000000008000ab8                __aeabi_cdcmpeq
                0x0000000008000ab8                __aeabi_cdcmple
                0x0000000008000ac8                __aeabi_dcmpeq
                0x0000000008000adc                __aeabi_dcmplt
                0x0000000008000af0                __aeabi_dcmple
                0x0000000008000b04                __aeabi_dcmpge
                0x0000000008000b18                __aeabi_dcmpgt
 .text          0x0000000008000b2c       0x2c c:/st/stm32cubeide_1.10.1/stm32cubeide/plugins/com.st.stm32cube.ide.mcu.externaltools.gnu-tools-for-stm32.10.3-2021.10.win32_1.0.0.202111181127/tools/bin/../lib/gcc/arm-none-eabi/10.3.1/thumb/v7e-m+fp/hard\libgcc.a(_arm_unorddf2.o)
                0x0000000008000b2c                __unorddf2
                0x0000000008000b2c                __aeabi_dcmpun
 .text          0x0000000008000b58       0x50 c:/st/stm32cubeide_1.10.1/stm32cubeide/plugins/com.st.stm32cube.ide.mcu.externaltools.gnu-tools-for-stm32.10.3-2021.10.win32_1.0.0.202111181127/tools/bin/../lib/gcc/arm-none-eabi/10.3.1/thumb/v7e-m+fp/hard\libgcc.a(_arm_fixdfsi.o)
                0x0000000008000b58                __aeabi_d2iz
                0x0000000008000b58                __fixdfsi
 .text          0x0000000008000ba8       0xa0 c:/st/stm32cubeide_1.10.1/stm32cubeide/plugins/com.st.stm32cube.ide.mcu.externaltools.gnu-tools-for-stm32.10.3-2021.10.win32_1.0.0.202111181127/tools/bin/../lib/gcc/arm-none-eabi/10.3.1/thumb/v7e-m+fp/hard\libgcc.a(_arm_truncdfsf2.o)
                0x0000000008000ba8                __truncdfsf2
                0x0000000008000ba8                __aeabi_d2f
 .text          0x0000000008000c48       0x30 c:/st/stm32cubeide_1.10.1/stm32cubeide/plugins/com.st.stm32cube.ide.mcu.externaltools.gnu-tools-for-stm32.10.3-2021.10.win32_1.0.0.202111181127/tools/bin/../lib/gcc/arm-none-eabi/10.3.1/thumb/v7e-m+fp/hard\libgcc.a(_aeabi_uldivmod.o)
                0x0000000008000c48                __aeabi_uldivmod
 .text          0x0000000008000c78      0x2d0 c:/st/stm32cubeide_1.10.1/stm32cubeide/plugins/com.st.stm32cube.ide.mcu.externaltools.gnu-tools-for-stm32.10.3-2021.10.win32_1.0.0.202111181127/tools/bin/../lib/gcc/arm-none-eabi/10.3.1/thumb/v7e-m+fp/hard\libgcc.a(_udivmoddi4.o)
                0x0000000008000c78                __udivmoddi4
 .text          0x0000000008000f48        0x4 c:/st/stm32cubeide_1.10.1/stm32cubeide/plugins/com.st.stm32cube.ide.mcu.externaltools.gnu-tools-for-stm32.10.3-2021.10.win32_1.0.0.202111181127/tools/bin/../lib/gcc/arm-none-eabi/10.3.1/thumb/v7e-m+fp/hard\libgcc.a(_dvmd_tls.o)
                0x0000000008000f48                __aeabi_idiv0
                0x0000000008000f48                __aeabi_ldiv0
 *(.text*)
 .text.StartDefaultTask
                0x0000000008000f4c       0x2c ./Core/Src/main.o
                0x0000000008000f4c                StartDefaultTask
 .text.show     0x0000000008000f78       0xac ./Core/Src/main.o
                0x0000000008000f78                show
 .text.Imu_Task
                0x0000000008001024       0x9c ./Core/Src/main.o
                0x0000000008001024                Imu_Task
 .text.PidTask  0x00000000080010c0       0x70 ./Core/Src/main.o
                0x00000000080010c0                PidTask
 .text.EncoderTask
                0x0000000008001130       0xb8 ./Core/Src/main.o
                0x0000000008001130                EncoderTask
 .text.SystemClock_Config
                0x00000000080011e8       0x88 ./Core/Src/main.o
                0x00000000080011e8                SystemClock_Config
 .text.startup.main
                0x0000000008001270      0x5c0 ./Core/Src/main.o
                0x0000000008001270                main
 .text.enQueue  0x0000000008001830       0x64 ./Core/Src/main.o
                0x0000000008001830                enQueue
 .text.deQueue  0x0000000008001894       0x6c ./Core/Src/main.o
                0x0000000008001894                deQueue
 .text.itemInQueue
                0x0000000008001900       0x10 ./Core/Src/main.o
                0x0000000008001900                itemInQueue
 .text.motor_A_init
                0x0000000008001910        0xc ./Core/Src/main.o
                0x0000000008001910                motor_A_init
 .text.motor_C_init
                0x000000000800191c        0xc ./Core/Src/main.o
                0x000000000800191c                motor_C_init
 .text.steering_init
                0x0000000008001928        0xc ./Core/Src/main.o
                0x0000000008001928                steering_init
 .text.init_motors
                0x0000000008001934       0x12 ./Core/Src/main.o
                0x0000000008001934                init_motors
 *fill*         0x0000000008001946        0x2 
 .text.set_A_clockwise
                0x0000000008001948       0x20 ./Core/Src/main.o
                0x0000000008001948                set_A_clockwise
 .text.set_A_anticlockwise
                0x0000000008001968       0x20 ./Core/Src/main.o
                0x0000000008001968                set_A_anticlockwise
 .text.set_C_anticlockwise
                0x0000000008001988       0x24 ./Core/Src/main.o
                0x0000000008001988                set_C_anticlockwise
 .text.set_C_clockwise
                0x00000000080019ac       0x24 ./Core/Src/main.o
                0x00000000080019ac                set_C_clockwise
 .text.move_forward
                0x00000000080019d0       0x30 ./Core/Src/main.o
                0x00000000080019d0                move_forward
 .text.move_backward
                0x0000000008001a00       0x2c ./Core/Src/main.o
                0x0000000008001a00                move_backward
 .text.stop_motor
                0x0000000008001a2c       0x18 ./Core/Src/main.o
                0x0000000008001a2c                stop_motor
 .text.steer_left
                0x0000000008001a44       0x4c ./Core/Src/main.o
                0x0000000008001a44                steer_left
 .text.steer_right
                0x0000000008001a90       0x4c ./Core/Src/main.o
                0x0000000008001a90                steer_right
 .text.steer_angle
                0x0000000008001adc       0x44 ./Core/Src/main.o
                0x0000000008001adc                steer_angle
 .text.SteeringTask
                0x0000000008001b20       0xa8 ./Core/Src/main.o
                0x0000000008001b20                SteeringTask
 .text.steer_center
                0x0000000008001bc8       0x4c ./Core/Src/main.o
                0x0000000008001bc8                steer_center
 .text.add_item_to_queue
                0x0000000008001c14       0x58 ./Core/Src/main.o
                0x0000000008001c14                add_item_to_queue
 .text.HAL_UART_RxCpltCallback
                0x0000000008001c6c       0x2c ./Core/Src/main.o
                0x0000000008001c6c                HAL_UART_RxCpltCallback
 .text.get_current_distance
                0x0000000008001c98       0x18 ./Core/Src/main.o
                0x0000000008001c98                get_current_distance
 .text.update_global_yaw
                0x0000000008001cb0       0x14 ./Core/Src/main.o
                0x0000000008001cb0                update_global_yaw
 .text.custom_stop_delay_angle
                0x0000000008001cc4       0xa4 ./Core/Src/main.o
                0x0000000008001cc4                custom_stop_delay_angle
 .text.stop_delay_angle
                0x0000000008001d68       0x98 ./Core/Src/main.o
                0x0000000008001d68                stop_delay_angle
 .text.stop_delay
                0x0000000008001e00       0x54 ./Core/Src/main.o
                0x0000000008001e00                stop_delay
 .text.send_tx  0x0000000008001e54       0x20 ./Core/Src/main.o
                0x0000000008001e54                send_tx
 .text.update_motor
                0x0000000008001e74      0x144 ./Core/Src/main.o
                0x0000000008001e74                update_motor
 .text.motors   0x0000000008001fb8       0x16 ./Core/Src/main.o
                0x0000000008001fb8                motors
 .text.Error_Handler
                0x0000000008001fce        0x4 ./Core/Src/main.o
                0x0000000008001fce                Error_Handler
 .text.PID_Init
                0x0000000008001fd2       0x4a ./Core/Src/pid.o
                0x0000000008001fd2                PID_Init
 .text.PID_SetMode
                0x000000000800201c       0x1a ./Core/Src/pid.o
                0x000000000800201c                PID_SetMode
 .text.PID_SetOutputLimits
                0x0000000008002036       0x96 ./Core/Src/pid.o
                0x0000000008002036                PID_SetOutputLimits
 .text.PID_SetTunings2
                0x00000000080020cc       0xec ./Core/Src/pid.o
                0x00000000080020cc                PID_SetTunings2
 .text.PID_SetControllerDirection
                0x00000000080021b8       0x44 ./Core/Src/pid.o
                0x00000000080021b8                PID_SetControllerDirection
 *fill*         0x00000000080021fc        0x4 
 .text.PID      0x0000000008002200       0x68 ./Core/Src/pid.o
                0x0000000008002200                PID
 .text.PID_SetSampleTime
                0x0000000008002268       0x4c ./Core/Src/pid.o
                0x0000000008002268                PID_SetSampleTime
 .text.HAL_MspInit
                0x00000000080022b4       0x40 ./Core/Src/stm32f4xx_hal_msp.o
                0x00000000080022b4                HAL_MspInit
 .text.HAL_ADC_MspInit
                0x00000000080022f4       0xa4 ./Core/Src/stm32f4xx_hal_msp.o
                0x00000000080022f4                HAL_ADC_MspInit
 .text.HAL_I2C_MspInit
                0x0000000008002398       0x70 ./Core/Src/stm32f4xx_hal_msp.o
                0x0000000008002398                HAL_I2C_MspInit
 .text.HAL_TIM_PWM_MspInit
                0x0000000008002408       0x30 ./Core/Src/stm32f4xx_hal_msp.o
                0x0000000008002408                HAL_TIM_PWM_MspInit
 .text.HAL_TIM_Encoder_MspInit
                0x0000000008002438       0xd8 ./Core/Src/stm32f4xx_hal_msp.o
                0x0000000008002438                HAL_TIM_Encoder_MspInit
 .text.HAL_TIM_Base_MspInit
                0x0000000008002510       0x68 ./Core/Src/stm32f4xx_hal_msp.o
                0x0000000008002510                HAL_TIM_Base_MspInit
 .text.HAL_TIM_MspPostInit
                0x0000000008002578       0x58 ./Core/Src/stm32f4xx_hal_msp.o
                0x0000000008002578                HAL_TIM_MspPostInit
 .text.HAL_UART_MspInit
                0x00000000080025d0       0x7c ./Core/Src/stm32f4xx_hal_msp.o
                0x00000000080025d0                HAL_UART_MspInit
 .text.NMI_Handler
                0x000000000800264c        0x2 ./Core/Src/stm32f4xx_it.o
                0x000000000800264c                NMI_Handler
 .text.HardFault_Handler
                0x000000000800264e        0x2 ./Core/Src/stm32f4xx_it.o
                0x000000000800264e                HardFault_Handler
 .text.MemManage_Handler
                0x0000000008002650        0x2 ./Core/Src/stm32f4xx_it.o
                0x0000000008002650                MemManage_Handler
 .text.BusFault_Handler
                0x0000000008002652        0x2 ./Core/Src/stm32f4xx_it.o
                0x0000000008002652                BusFault_Handler
 .text.UsageFault_Handler
                0x0000000008002654        0x2 ./Core/Src/stm32f4xx_it.o
                0x0000000008002654                UsageFault_Handler
 .text.DebugMon_Handler
                0x0000000008002656        0x2 ./Core/Src/stm32f4xx_it.o
                0x0000000008002656                DebugMon_Handler
 .text.SysTick_Handler
                0x0000000008002658       0x18 ./Core/Src/stm32f4xx_it.o
                0x0000000008002658                SysTick_Handler
 .text.USART3_IRQHandler
                0x0000000008002670        0xc ./Core/Src/stm32f4xx_it.o
                0x0000000008002670                USART3_IRQHandler
 .text.DMA2_Stream0_IRQHandler
                0x000000000800267c        0xc ./Core/Src/stm32f4xx_it.o
                0x000000000800267c                DMA2_Stream0_IRQHandler
 .text._getpid  0x0000000008002688        0x4 ./Core/Src/syscalls.o
                0x0000000008002688                _getpid
 .text._kill    0x000000000800268c       0x10 ./Core/Src/syscalls.o
                0x000000000800268c                _kill
 .text._exit    0x000000000800269c        0xc ./Core/Src/syscalls.o
                0x000000000800269c                _exit
 .text._read    0x00000000080026a8       0x1c ./Core/Src/syscalls.o
                0x00000000080026a8                _read
 .text._write   0x00000000080026c4       0x1c ./Core/Src/syscalls.o
                0x00000000080026c4                _write
 .text._close   0x00000000080026e0        0x6 ./Core/Src/syscalls.o
                0x00000000080026e0                _close
 .text._fstat   0x00000000080026e6        0xa ./Core/Src/syscalls.o
                0x00000000080026e6                _fstat
 .text._isatty  0x00000000080026f0        0x4 ./Core/Src/syscalls.o
                0x00000000080026f0                _isatty
 .text._lseek   0x00000000080026f4        0x4 ./Core/Src/syscalls.o
                0x00000000080026f4                _lseek
 .text._sbrk    0x00000000080026f8       0x40 ./Core/Src/sysmem.o
                0x00000000080026f8                _sbrk
 .text.SystemInit
                0x0000000008002738       0x14 ./Core/Src/system_stm32f4xx.o
                0x0000000008002738                SystemInit
 .text.Reset_Handler
                0x000000000800274c       0x50 ./Core/Startup/startup_stm32f407vetx.o
                0x000000000800274c                Reset_Handler
 .text.Default_Handler
                0x000000000800279c        0x2 ./Core/Startup/startup_stm32f407vetx.o
                0x000000000800279c                RTC_Alarm_IRQHandler
                0x000000000800279c                HASH_RNG_IRQHandler
                0x000000000800279c                EXTI2_IRQHandler
                0x000000000800279c                TIM8_CC_IRQHandler
                0x000000000800279c                TIM1_CC_IRQHandler
                0x000000000800279c                DMA2_Stream5_IRQHandler
                0x000000000800279c                DMA1_Stream5_IRQHandler
                0x000000000800279c                PVD_IRQHandler
                0x000000000800279c                SDIO_IRQHandler
                0x000000000800279c                TAMP_STAMP_IRQHandler
                0x000000000800279c                CAN2_RX1_IRQHandler
                0x000000000800279c                EXTI3_IRQHandler
                0x000000000800279c                TIM8_TRG_COM_TIM14_IRQHandler
                0x000000000800279c                TIM1_UP_TIM10_IRQHandler
                0x000000000800279c                TIM8_UP_TIM13_IRQHandler
                0x000000000800279c                I2C3_ER_IRQHandler
                0x000000000800279c                EXTI0_IRQHandler
                0x000000000800279c                I2C2_EV_IRQHandler
                0x000000000800279c                DMA1_Stream2_IRQHandler
                0x000000000800279c                CAN1_RX0_IRQHandler
                0x000000000800279c                FPU_IRQHandler
                0x000000000800279c                OTG_HS_WKUP_IRQHandler
                0x000000000800279c                CAN2_SCE_IRQHandler
                0x000000000800279c                DMA2_Stream2_IRQHandler
                0x000000000800279c                SPI1_IRQHandler
                0x000000000800279c                TIM6_DAC_IRQHandler
                0x000000000800279c                TIM1_BRK_TIM9_IRQHandler
                0x000000000800279c                DCMI_IRQHandler
                0x000000000800279c                CAN2_RX0_IRQHandler
                0x000000000800279c                DMA2_Stream3_IRQHandler
                0x000000000800279c                USART6_IRQHandler
                0x000000000800279c                CAN1_RX1_IRQHandler
                0x000000000800279c                UART5_IRQHandler
                0x000000000800279c                TIM4_IRQHandler
                0x000000000800279c                I2C1_EV_IRQHandler
                0x000000000800279c                DMA1_Stream6_IRQHandler
                0x000000000800279c                DMA1_Stream1_IRQHandler
                0x000000000800279c                UART4_IRQHandler
                0x000000000800279c                TIM3_IRQHandler
                0x000000000800279c                RCC_IRQHandler
                0x000000000800279c                TIM8_BRK_TIM12_IRQHandler
                0x000000000800279c                Default_Handler
                0x000000000800279c                EXTI15_10_IRQHandler
                0x000000000800279c                ADC_IRQHandler
                0x000000000800279c                DMA1_Stream7_IRQHandler
                0x000000000800279c                TIM7_IRQHandler
                0x000000000800279c                CAN2_TX_IRQHandler
                0x000000000800279c                TIM5_IRQHandler
                0x000000000800279c                DMA2_Stream7_IRQHandler
                0x000000000800279c                I2C3_EV_IRQHandler
                0x000000000800279c                EXTI9_5_IRQHandler
                0x000000000800279c                RTC_WKUP_IRQHandler
                0x000000000800279c                ETH_WKUP_IRQHandler
                0x000000000800279c                SPI2_IRQHandler
                0x000000000800279c                OTG_HS_EP1_IN_IRQHandler
                0x000000000800279c                DMA1_Stream0_IRQHandler
                0x000000000800279c                CAN1_TX_IRQHandler
                0x000000000800279c                EXTI4_IRQHandler
                0x000000000800279c                FSMC_IRQHandler
                0x000000000800279c                ETH_IRQHandler
                0x000000000800279c                OTG_HS_EP1_OUT_IRQHandler
                0x000000000800279c                WWDG_IRQHandler
                0x000000000800279c                TIM2_IRQHandler
                0x000000000800279c                OTG_FS_WKUP_IRQHandler
                0x000000000800279c                TIM1_TRG_COM_TIM11_IRQHandler
                0x000000000800279c                OTG_HS_IRQHandler
                0x000000000800279c                EXTI1_IRQHandler
                0x000000000800279c                USART2_IRQHandler
                0x000000000800279c                I2C2_ER_IRQHandler
                0x000000000800279c                DMA2_Stream1_IRQHandler
                0x000000000800279c                CAN1_SCE_IRQHandler
                0x000000000800279c                FLASH_IRQHandler
                0x000000000800279c                DMA2_Stream4_IRQHandler
                0x000000000800279c                USART1_IRQHandler
                0x000000000800279c                OTG_FS_IRQHandler
                0x000000000800279c                SPI3_IRQHandler
                0x000000000800279c                DMA1_Stream4_IRQHandler
                0x000000000800279c                I2C1_ER_IRQHandler
                0x000000000800279c                DMA2_Stream6_IRQHandler
                0x000000000800279c                DMA1_Stream3_IRQHandler
 *fill*         0x000000000800279e        0x2 
 .text.HAL_InitTick
                0x00000000080027a0       0x48 ./Drivers/STM32F4xx_HAL_Driver/Src/stm32f4xx_hal.o
                0x00000000080027a0                HAL_InitTick
 .text.HAL_Init
                0x00000000080027e8       0x34 ./Drivers/STM32F4xx_HAL_Driver/Src/stm32f4xx_hal.o
                0x00000000080027e8                HAL_Init
 .text.HAL_IncTick
                0x000000000800281c       0x18 ./Drivers/STM32F4xx_HAL_Driver/Src/stm32f4xx_hal.o
                0x000000000800281c                HAL_IncTick
 .text.HAL_GetTick
                0x0000000008002834        0xc ./Drivers/STM32F4xx_HAL_Driver/Src/stm32f4xx_hal.o
                0x0000000008002834                HAL_GetTick
 .text.HAL_Delay
                0x0000000008002840       0x28 ./Drivers/STM32F4xx_HAL_Driver/Src/stm32f4xx_hal.o
                0x0000000008002840                HAL_Delay
 .text.HAL_ADC_Init
                0x0000000008002868      0x14c ./Drivers/STM32F4xx_HAL_Driver/Src/stm32f4xx_hal_adc.o
                0x0000000008002868                HAL_ADC_Init
 .text.HAL_ADC_ConfigChannel
                0x00000000080029b4      0x124 ./Drivers/STM32F4xx_HAL_Driver/Src/stm32f4xx_hal_adc.o
                0x00000000080029b4                HAL_ADC_ConfigChannel
 .text.HAL_NVIC_SetPriorityGrouping
                0x0000000008002ad8       0x24 ./Drivers/STM32F4xx_HAL_Driver/Src/stm32f4xx_hal_cortex.o
                0x0000000008002ad8                HAL_NVIC_SetPriorityGrouping
 .text.HAL_NVIC_SetPriority
                0x0000000008002afc       0x64 ./Drivers/STM32F4xx_HAL_Driver/Src/stm32f4xx_hal_cortex.o
                0x0000000008002afc                HAL_NVIC_SetPriority
 .text.HAL_NVIC_EnableIRQ
                0x0000000008002b60       0x1c ./Drivers/STM32F4xx_HAL_Driver/Src/stm32f4xx_hal_cortex.o
                0x0000000008002b60                HAL_NVIC_EnableIRQ
 .text.HAL_SYSTICK_Config
                0x0000000008002b7c       0x28 ./Drivers/STM32F4xx_HAL_Driver/Src/stm32f4xx_hal_cortex.o
                0x0000000008002b7c                HAL_SYSTICK_Config
 .text.DMA_CalcBaseAndBitshift
                0x0000000008002ba4       0x2c ./Drivers/STM32F4xx_HAL_Driver/Src/stm32f4xx_hal_dma.o
 .text.HAL_DMA_Init
                0x0000000008002bd0      0x100 ./Drivers/STM32F4xx_HAL_Driver/Src/stm32f4xx_hal_dma.o
                0x0000000008002bd0                HAL_DMA_Init
 .text.HAL_DMA_Abort
                0x0000000008002cd0       0x88 ./Drivers/STM32F4xx_HAL_Driver/Src/stm32f4xx_hal_dma.o
                0x0000000008002cd0                HAL_DMA_Abort
 .text.HAL_DMA_Abort_IT
                0x0000000008002d58       0x24 ./Drivers/STM32F4xx_HAL_Driver/Src/stm32f4xx_hal_dma.o
                0x0000000008002d58                HAL_DMA_Abort_IT
 .text.HAL_DMA_IRQHandler
                0x0000000008002d7c      0x17c ./Drivers/STM32F4xx_HAL_Driver/Src/stm32f4xx_hal_dma.o
                0x0000000008002d7c                HAL_DMA_IRQHandler
 .text.HAL_GPIO_Init
                0x0000000008002ef8      0x1b4 ./Drivers/STM32F4xx_HAL_Driver/Src/stm32f4xx_hal_gpio.o
                0x0000000008002ef8                HAL_GPIO_Init
 .text.HAL_GPIO_WritePin
                0x00000000080030ac        0xa ./Drivers/STM32F4xx_HAL_Driver/Src/stm32f4xx_hal_gpio.o
                0x00000000080030ac                HAL_GPIO_WritePin
 .text.HAL_GPIO_TogglePin
                0x00000000080030b6       0x12 ./Drivers/STM32F4xx_HAL_Driver/Src/stm32f4xx_hal_gpio.o
                0x00000000080030b6                HAL_GPIO_TogglePin
 .text.I2C_IsAcknowledgeFailed
                0x00000000080030c8       0x34 ./Drivers/STM32F4xx_HAL_Driver/Src/stm32f4xx_hal_i2c.o
 .text.I2C_WaitOnFlagUntilTimeout
                0x00000000080030fc       0x64 ./Drivers/STM32F4xx_HAL_Driver/Src/stm32f4xx_hal_i2c.o
 .text.I2C_WaitOnMasterAddressFlagUntilTimeout
                0x0000000008003160       0x76 ./Drivers/STM32F4xx_HAL_Driver/Src/stm32f4xx_hal_i2c.o
 .text.I2C_WaitOnRXNEFlagUntilTimeout
                0x00000000080031d6       0x5e ./Drivers/STM32F4xx_HAL_Driver/Src/stm32f4xx_hal_i2c.o
 .text.I2C_WaitOnBTFFlagUntilTimeout
                0x0000000008003234       0x4c ./Drivers/STM32F4xx_HAL_Driver/Src/stm32f4xx_hal_i2c.o
 .text.I2C_WaitOnTXEFlagUntilTimeout
                0x0000000008003280       0x4c ./Drivers/STM32F4xx_HAL_Driver/Src/stm32f4xx_hal_i2c.o
 .text.I2C_RequestMemoryWrite
                0x00000000080032cc       0xb0 ./Drivers/STM32F4xx_HAL_Driver/Src/stm32f4xx_hal_i2c.o
 .text.I2C_RequestMemoryRead
                0x000000000800337c      0x104 ./Drivers/STM32F4xx_HAL_Driver/Src/stm32f4xx_hal_i2c.o
 .text.HAL_I2C_Init
                0x0000000008003480      0x150 ./Drivers/STM32F4xx_HAL_Driver/Src/stm32f4xx_hal_i2c.o
                0x0000000008003480                HAL_I2C_Init
 .text.HAL_I2C_Mem_Write
                0x00000000080035d0      0x120 ./Drivers/STM32F4xx_HAL_Driver/Src/stm32f4xx_hal_i2c.o
                0x00000000080035d0                HAL_I2C_Mem_Write
 .text.HAL_I2C_Mem_Read
                0x00000000080036f0      0x210 ./Drivers/STM32F4xx_HAL_Driver/Src/stm32f4xx_hal_i2c.o
                0x00000000080036f0                HAL_I2C_Mem_Read
 .text.HAL_PWR_EnableBkUpAccess
                0x0000000008003900       0x1c ./Drivers/STM32F4xx_HAL_Driver/Src/stm32f4xx_hal_pwr.o
                0x0000000008003900                HAL_PWR_EnableBkUpAccess
 .text.HAL_PWR_DisableBkUpAccess
                0x000000000800391c       0x1c ./Drivers/STM32F4xx_HAL_Driver/Src/stm32f4xx_hal_pwr.o
                0x000000000800391c                HAL_PWR_DisableBkUpAccess
 .text.HAL_RCC_OscConfig
                0x0000000008003938      0x360 ./Drivers/STM32F4xx_HAL_Driver/Src/stm32f4xx_hal_rcc.o
                0x0000000008003938                HAL_RCC_OscConfig
 .text.HAL_RCC_GetSysClockFreq
                0x0000000008003c98       0x5c ./Drivers/STM32F4xx_HAL_Driver/Src/stm32f4xx_hal_rcc.o
                0x0000000008003c98                HAL_RCC_GetSysClockFreq
 .text.HAL_RCC_ClockConfig
                0x0000000008003cf4      0x138 ./Drivers/STM32F4xx_HAL_Driver/Src/stm32f4xx_hal_rcc.o
                0x0000000008003cf4                HAL_RCC_ClockConfig
 .text.HAL_RCC_GetPCLK1Freq
                0x0000000008003e2c       0x20 ./Drivers/STM32F4xx_HAL_Driver/Src/stm32f4xx_hal_rcc.o
                0x0000000008003e2c                HAL_RCC_GetPCLK1Freq
 .text.HAL_RCC_GetPCLK2Freq
                0x0000000008003e4c       0x20 ./Drivers/STM32F4xx_HAL_Driver/Src/stm32f4xx_hal_rcc.o
                0x0000000008003e4c                HAL_RCC_GetPCLK2Freq
 .text.TIM_OC1_SetConfig
                0x0000000008003e6c       0x64 ./Drivers/STM32F4xx_HAL_Driver/Src/stm32f4xx_hal_tim.o
 .text.TIM_OC3_SetConfig
                0x0000000008003ed0       0x6c ./Drivers/STM32F4xx_HAL_Driver/Src/stm32f4xx_hal_tim.o
 .text.TIM_OC4_SetConfig
                0x0000000008003f3c       0x4c ./Drivers/STM32F4xx_HAL_Driver/Src/stm32f4xx_hal_tim.o
 .text.HAL_TIM_Encoder_Start
                0x0000000008003f88       0xb6 ./Drivers/STM32F4xx_HAL_Driver/Src/stm32f4xx_hal_tim.o
                0x0000000008003f88                HAL_TIM_Encoder_Start
 *fill*         0x000000000800403e        0x2 
 .text.TIM_Base_SetConfig
                0x0000000008004040       0xcc ./Drivers/STM32F4xx_HAL_Driver/Src/stm32f4xx_hal_tim.o
                0x0000000008004040                TIM_Base_SetConfig
 .text.HAL_TIM_Base_Init
                0x000000000800410c       0x58 ./Drivers/STM32F4xx_HAL_Driver/Src/stm32f4xx_hal_tim.o
                0x000000000800410c                HAL_TIM_Base_Init
 .text.HAL_TIM_PWM_Init
                0x0000000008004164       0x58 ./Drivers/STM32F4xx_HAL_Driver/Src/stm32f4xx_hal_tim.o
                0x0000000008004164                HAL_TIM_PWM_Init
 .text.HAL_TIM_Encoder_Init
                0x00000000080041bc       0xaa ./Drivers/STM32F4xx_HAL_Driver/Src/stm32f4xx_hal_tim.o
                0x00000000080041bc                HAL_TIM_Encoder_Init
 *fill*         0x0000000008004266        0x2 
 .text.TIM_OC2_SetConfig
                0x0000000008004268       0x6c ./Drivers/STM32F4xx_HAL_Driver/Src/stm32f4xx_hal_tim.o
                0x0000000008004268                TIM_OC2_SetConfig
 .text.HAL_TIM_PWM_ConfigChannel
                0x00000000080042d4       0xb8 ./Drivers/STM32F4xx_HAL_Driver/Src/stm32f4xx_hal_tim.o
                0x00000000080042d4                HAL_TIM_PWM_ConfigChannel
 .text.TIM_ETR_SetConfig
                0x000000000800438c       0x14 ./Drivers/STM32F4xx_HAL_Driver/Src/stm32f4xx_hal_tim.o
                0x000000000800438c                TIM_ETR_SetConfig
 .text.HAL_TIM_ConfigClockSource
                0x00000000080043a0      0x138 ./Drivers/STM32F4xx_HAL_Driver/Src/stm32f4xx_hal_tim.o
                0x00000000080043a0                HAL_TIM_ConfigClockSource
 .text.TIM_CCxChannelCmd
                0x00000000080044d8       0x1c ./Drivers/STM32F4xx_HAL_Driver/Src/stm32f4xx_hal_tim.o
                0x00000000080044d8                TIM_CCxChannelCmd
 .text.HAL_TIM_OC_Start
                0x00000000080044f4       0xd0 ./Drivers/STM32F4xx_HAL_Driver/Src/stm32f4xx_hal_tim.o
                0x00000000080044f4                HAL_TIM_OC_Start
 .text.HAL_TIM_PWM_Start
                0x00000000080045c4        0x4 ./Drivers/STM32F4xx_HAL_Driver/Src/stm32f4xx_hal_tim.o
                0x00000000080045c4                HAL_TIM_PWM_Start
 .text.HAL_TIMEx_MasterConfigSynchronization
                0x00000000080045c8       0x7c ./Drivers/STM32F4xx_HAL_Driver/Src/stm32f4xx_hal_tim_ex.o
                0x00000000080045c8                HAL_TIMEx_MasterConfigSynchronization
 .text.HAL_TIMEx_ConfigBreakDeadTime
                0x0000000008004644       0x4c ./Drivers/STM32F4xx_HAL_Driver/Src/stm32f4xx_hal_tim_ex.o
                0x0000000008004644                HAL_TIMEx_ConfigBreakDeadTime
 .text.UART_EndRxTransfer
                0x0000000008004690       0x5c ./Drivers/STM32F4xx_HAL_Driver/Src/stm32f4xx_hal_uart.o
 .text.UART_SetConfig
                0x00000000080046ec       0xbc ./Drivers/STM32F4xx_HAL_Driver/Src/stm32f4xx_hal_uart.o
 .text.UART_WaitOnFlagUntilTimeout.constprop.0
                0x00000000080047a8       0x6c ./Drivers/STM32F4xx_HAL_Driver/Src/stm32f4xx_hal_uart.o
 .text.HAL_UART_Init
                0x0000000008004814       0x5c ./Drivers/STM32F4xx_HAL_Driver/Src/stm32f4xx_hal_uart.o
                0x0000000008004814                HAL_UART_Init
 .text.HAL_UART_Transmit
                0x0000000008004870       0xaa ./Drivers/STM32F4xx_HAL_Driver/Src/stm32f4xx_hal_uart.o
                0x0000000008004870                HAL_UART_Transmit
 .text.HAL_UART_Transmit_IT
                0x000000000800491a       0x3e ./Drivers/STM32F4xx_HAL_Driver/Src/stm32f4xx_hal_uart.o
                0x000000000800491a                HAL_UART_Transmit_IT
 .text.HAL_UART_TxCpltCallback
                0x0000000008004958        0x2 ./Drivers/STM32F4xx_HAL_Driver/Src/stm32f4xx_hal_uart.o
                0x0000000008004958                HAL_UART_TxCpltCallback
 .text.HAL_UART_ErrorCallback
                0x000000000800495a        0x2 ./Drivers/STM32F4xx_HAL_Driver/Src/stm32f4xx_hal_uart.o
                0x000000000800495a                HAL_UART_ErrorCallback
 .text.UART_DMAAbortOnError
                0x000000000800495c       0x10 ./Drivers/STM32F4xx_HAL_Driver/Src/stm32f4xx_hal_uart.o
 .text.HAL_UARTEx_RxEventCallback
                0x000000000800496c        0x2 ./Drivers/STM32F4xx_HAL_Driver/Src/stm32f4xx_hal_uart.o
                0x000000000800496c                HAL_UARTEx_RxEventCallback
 .text.UART_Receive_IT.part.0.isra.0
                0x000000000800496e       0xac ./Drivers/STM32F4xx_HAL_Driver/Src/stm32f4xx_hal_uart.o
 *fill*         0x0000000008004a1a        0x2 
 .text.HAL_UART_IRQHandler
                0x0000000008004a1c      0x2a0 ./Drivers/STM32F4xx_HAL_Driver/Src/stm32f4xx_hal_uart.o
                0x0000000008004a1c                HAL_UART_IRQHandler
 .text.UART_Start_Receive_IT
                0x0000000008004cbc       0x36 ./Drivers/STM32F4xx_HAL_Driver/Src/stm32f4xx_hal_uart.o
                0x0000000008004cbc                UART_Start_Receive_IT
 .text.HAL_UART_Receive_IT
                0x0000000008004cf2       0x30 ./Drivers/STM32F4xx_HAL_Driver/Src/stm32f4xx_hal_uart.o
                0x0000000008004cf2                HAL_UART_Receive_IT
 *fill*         0x0000000008004d22        0x2 
 .text.osKernelInitialize
                0x0000000008004d24       0x24 ./Middlewares/Third_Party/FreeRTOS/Source/CMSIS_RTOS_V2/cmsis_os2.o
                0x0000000008004d24                osKernelInitialize
 .text.osKernelStart
                0x0000000008004d48       0x34 ./Middlewares/Third_Party/FreeRTOS/Source/CMSIS_RTOS_V2/cmsis_os2.o
                0x0000000008004d48                osKernelStart
 .text.osThreadNew
                0x0000000008004d7c       0x92 ./Middlewares/Third_Party/FreeRTOS/Source/CMSIS_RTOS_V2/cmsis_os2.o
                0x0000000008004d7c                osThreadNew
 .text.osDelay  0x0000000008004e0e       0x18 ./Middlewares/Third_Party/FreeRTOS/Source/CMSIS_RTOS_V2/cmsis_os2.o
                0x0000000008004e0e                osDelay
 *fill*         0x0000000008004e26        0x2 
 .text.vApplicationGetIdleTaskMemory
                0x0000000008004e28       0x18 ./Middlewares/Third_Party/FreeRTOS/Source/CMSIS_RTOS_V2/cmsis_os2.o
                0x0000000008004e28                vApplicationGetIdleTaskMemory
 .text.vApplicationGetTimerTaskMemory
                0x0000000008004e40       0x18 ./Middlewares/Third_Party/FreeRTOS/Source/CMSIS_RTOS_V2/cmsis_os2.o
                0x0000000008004e40                vApplicationGetTimerTaskMemory
 .text.vListInitialise
                0x0000000008004e58       0x16 ./Middlewares/Third_Party/FreeRTOS/Source/list.o
                0x0000000008004e58                vListInitialise
 .text.vListInitialiseItem
                0x0000000008004e6e        0x6 ./Middlewares/Third_Party/FreeRTOS/Source/list.o
                0x0000000008004e6e                vListInitialiseItem
 .text.vListInsertEnd
                0x0000000008004e74       0x18 ./Middlewares/Third_Party/FreeRTOS/Source/list.o
                0x0000000008004e74                vListInsertEnd
 .text.vListInsert
                0x0000000008004e8c       0x2e ./Middlewares/Third_Party/FreeRTOS/Source/list.o
                0x0000000008004e8c                vListInsert
 .text.uxListRemove
                0x0000000008004eba       0x20 ./Middlewares/Third_Party/FreeRTOS/Source/list.o
                0x0000000008004eba                uxListRemove
 .text.prvIsQueueEmpty
                0x0000000008004eda       0x16 ./Middlewares/Third_Party/FreeRTOS/Source/queue.o
 .text.prvCopyDataToQueue
                0x0000000008004ef0       0x6a ./Middlewares/Third_Party/FreeRTOS/Source/queue.o
 .text.prvCopyDataFromQueue
                0x0000000008004f5a       0x2c ./Middlewares/Third_Party/FreeRTOS/Source/queue.o
 .text.prvUnlockQueue
                0x0000000008004f86       0x70 ./Middlewares/Third_Party/FreeRTOS/Source/queue.o
 .text.xQueueGenericReset
                0x0000000008004ff6       0x7e ./Middlewares/Third_Party/FreeRTOS/Source/queue.o
                0x0000000008004ff6                xQueueGenericReset
 .text.xQueueGenericCreateStatic
                0x0000000008005074       0x9c ./Middlewares/Third_Party/FreeRTOS/Source/queue.o
                0x0000000008005074                xQueueGenericCreateStatic
 .text.xQueueGenericSend
                0x0000000008005110      0x166 ./Middlewares/Third_Party/FreeRTOS/Source/queue.o
                0x0000000008005110                xQueueGenericSend
 .text.xQueueGenericSendFromISR
                0x0000000008005276       0xc4 ./Middlewares/Third_Party/FreeRTOS/Source/queue.o
                0x0000000008005276                xQueueGenericSendFromISR
 .text.xQueueReceive
                0x000000000800533a      0x13e ./Middlewares/Third_Party/FreeRTOS/Source/queue.o
                0x000000000800533a                xQueueReceive
 .text.vQueueAddToRegistry
                0x0000000008005478       0x24 ./Middlewares/Third_Party/FreeRTOS/Source/queue.o
                0x0000000008005478                vQueueAddToRegistry
 .text.vQueueWaitForMessageRestricted
                0x000000000800549c       0x46 ./Middlewares/Third_Party/FreeRTOS/Source/queue.o
                0x000000000800549c                vQueueWaitForMessageRestricted
 *fill*         0x00000000080054e2        0x2 
 .text.prvAddNewTaskToReadyList
                0x00000000080054e4      0x100 ./Middlewares/Third_Party/FreeRTOS/Source/tasks.o
 .text.prvAddCurrentTaskToDelayedList
                0x00000000080055e4       0x70 ./Middlewares/Third_Party/FreeRTOS/Source/tasks.o
 .text.prvResetNextTaskUnblockTime
                0x0000000008005654       0x24 ./Middlewares/Third_Party/FreeRTOS/Source/tasks.o
 .text.prvDeleteTCB
                0x0000000008005678       0x36 ./Middlewares/Third_Party/FreeRTOS/Source/tasks.o
 *fill*         0x00000000080056ae        0x2 
 .text.prvIdleTask
                0x00000000080056b0       0x60 ./Middlewares/Third_Party/FreeRTOS/Source/tasks.o
 .text.prvInitialiseNewTask.constprop.0
                0x0000000008005710       0x9a ./Middlewares/Third_Party/FreeRTOS/Source/tasks.o
 .text.xTaskCreateStatic
                0x00000000080057aa       0x70 ./Middlewares/Third_Party/FreeRTOS/Source/tasks.o
                0x00000000080057aa                xTaskCreateStatic
 .text.xTaskCreate
                0x000000000800581a       0x5a ./Middlewares/Third_Party/FreeRTOS/Source/tasks.o
                0x000000000800581a                xTaskCreate
 .text.vTaskStartScheduler
                0x0000000008005874       0x8c ./Middlewares/Third_Party/FreeRTOS/Source/tasks.o
                0x0000000008005874                vTaskStartScheduler
 .text.vTaskSuspendAll
                0x0000000008005900       0x10 ./Middlewares/Third_Party/FreeRTOS/Source/tasks.o
                0x0000000008005900                vTaskSuspendAll
 .text.xTaskGetTickCount
                0x0000000008005910        0xc ./Middlewares/Third_Party/FreeRTOS/Source/tasks.o
                0x0000000008005910                xTaskGetTickCount
 .text.xTaskIncrementTick
                0x000000000800591c      0x12c ./Middlewares/Third_Party/FreeRTOS/Source/tasks.o
                0x000000000800591c                xTaskIncrementTick
 .text.xTaskResumeAll
                0x0000000008005a48       0xe8 ./Middlewares/Third_Party/FreeRTOS/Source/tasks.o
                0x0000000008005a48                xTaskResumeAll
 .text.vTaskDelay
                0x0000000008005b30       0x48 ./Middlewares/Third_Party/FreeRTOS/Source/tasks.o
                0x0000000008005b30                vTaskDelay
 .text.vTaskSwitchContext
                0x0000000008005b78       0x74 ./Middlewares/Third_Party/FreeRTOS/Source/tasks.o
                0x0000000008005b78                vTaskSwitchContext
 .text.vTaskPlaceOnEventList
                0x0000000008005bec       0x34 ./Middlewares/Third_Party/FreeRTOS/Source/tasks.o
                0x0000000008005bec                vTaskPlaceOnEventList
 .text.vTaskPlaceOnEventListRestricted
                0x0000000008005c20       0x3c ./Middlewares/Third_Party/FreeRTOS/Source/tasks.o
                0x0000000008005c20                vTaskPlaceOnEventListRestricted
 .text.xTaskRemoveFromEventList
                0x0000000008005c5c       0x88 ./Middlewares/Third_Party/FreeRTOS/Source/tasks.o
                0x0000000008005c5c                xTaskRemoveFromEventList
 .text.vTaskInternalSetTimeOutState
                0x0000000008005ce4       0x18 ./Middlewares/Third_Party/FreeRTOS/Source/tasks.o
                0x0000000008005ce4                vTaskInternalSetTimeOutState
 .text.xTaskCheckForTimeOut
                0x0000000008005cfc       0x78 ./Middlewares/Third_Party/FreeRTOS/Source/tasks.o
                0x0000000008005cfc                xTaskCheckForTimeOut
 .text.vTaskMissedYield
                0x0000000008005d74        0xc ./Middlewares/Third_Party/FreeRTOS/Source/tasks.o
                0x0000000008005d74                vTaskMissedYield
 .text.xTaskGetSchedulerState
                0x0000000008005d80       0x20 ./Middlewares/Third_Party/FreeRTOS/Source/tasks.o
                0x0000000008005d80                xTaskGetSchedulerState
 .text.xTaskPriorityDisinherit
                0x0000000008005da0       0x88 ./Middlewares/Third_Party/FreeRTOS/Source/tasks.o
                0x0000000008005da0                xTaskPriorityDisinherit
 .text.prvCheckForValidListAndQueue
                0x0000000008005e28       0x68 ./Middlewares/Third_Party/FreeRTOS/Source/timers.o
 .text.prvInsertTimerInActiveList
                0x0000000008005e90       0x3c ./Middlewares/Third_Party/FreeRTOS/Source/timers.o
 .text.xTimerCreateTimerTask
                0x0000000008005ecc       0x64 ./Middlewares/Third_Party/FreeRTOS/Source/timers.o
                0x0000000008005ecc                xTimerCreateTimerTask
 .text.xTimerGenericCommand
                0x0000000008005f30       0x58 ./Middlewares/Third_Party/FreeRTOS/Source/timers.o
                0x0000000008005f30                xTimerGenericCommand
 .text.prvSampleTimeNow
                0x0000000008005f88       0xac ./Middlewares/Third_Party/FreeRTOS/Source/timers.o
 .text.prvTimerTask
                0x0000000008006034      0x1cc ./Middlewares/Third_Party/FreeRTOS/Source/timers.o
 .text.prvPortStartFirstTask
                0x0000000008006200       0x28 ./Middlewares/Third_Party/FreeRTOS/Source/portable/GCC/ARM_CM4F/port.o
 .text.vPortEnableVFP
                0x0000000008006228       0x14 ./Middlewares/Third_Party/FreeRTOS/Source/portable/GCC/ARM_CM4F/port.o
 .text.prvTaskExitError
                0x000000000800623c       0x40 ./Middlewares/Third_Party/FreeRTOS/Source/portable/GCC/ARM_CM4F/port.o
 .text.pxPortInitialiseStack
                0x000000000800627c       0x2c ./Middlewares/Third_Party/FreeRTOS/Source/portable/GCC/ARM_CM4F/port.o
                0x000000000800627c                pxPortInitialiseStack
 *fill*         0x00000000080062a8        0x8 
 .text.SVC_Handler
                0x00000000080062b0       0x24 ./Middlewares/Third_Party/FreeRTOS/Source/portable/GCC/ARM_CM4F/port.o
                0x00000000080062b0                SVC_Handler
 .text.vPortEnterCritical
                0x00000000080062d4       0x40 ./Middlewares/Third_Party/FreeRTOS/Source/portable/GCC/ARM_CM4F/port.o
                0x00000000080062d4                vPortEnterCritical
 .text.vPortExitCritical
                0x0000000008006314       0x28 ./Middlewares/Third_Party/FreeRTOS/Source/portable/GCC/ARM_CM4F/port.o
                0x0000000008006314                vPortExitCritical
 *fill*         0x000000000800633c        0x4 
 .text.PendSV_Handler
                0x0000000008006340       0x64 ./Middlewares/Third_Party/FreeRTOS/Source/portable/GCC/ARM_CM4F/port.o
                0x0000000008006340                PendSV_Handler
 .text.xPortSysTickHandler
                0x00000000080063a4       0x2c ./Middlewares/Third_Party/FreeRTOS/Source/portable/GCC/ARM_CM4F/port.o
                0x00000000080063a4                xPortSysTickHandler
 .text.vPortSetupTimerInterrupt
                0x00000000080063d0       0x24 ./Middlewares/Third_Party/FreeRTOS/Source/portable/GCC/ARM_CM4F/port.o
                0x00000000080063d0                vPortSetupTimerInterrupt
 .text.xPortStartScheduler
                0x00000000080063f4      0x10c ./Middlewares/Third_Party/FreeRTOS/Source/portable/GCC/ARM_CM4F/port.o
                0x00000000080063f4                xPortStartScheduler
 .text.vPortValidateInterruptPriority
                0x0000000008006500       0x5c ./Middlewares/Third_Party/FreeRTOS/Source/portable/GCC/ARM_CM4F/port.o
                0x0000000008006500                vPortValidateInterruptPriority
 .text.prvInsertBlockIntoFreeList
                0x000000000800655c       0x48 ./Middlewares/Third_Party/FreeRTOS/Source/portable/MemMang/heap_4.o
 .text.pvPortMalloc
                0x00000000080065a4      0x130 ./Middlewares/Third_Party/FreeRTOS/Source/portable/MemMang/heap_4.o
                0x00000000080065a4                pvPortMalloc
 .text.vPortFree
                0x00000000080066d4       0x7c ./Middlewares/Third_Party/FreeRTOS/Source/portable/MemMang/heap_4.o
                0x00000000080066d4                vPortFree
 .text.IMU_WriteOneByte
                0x0000000008006750       0x26 ./PeripheralDriver/Src/IMU.o
                0x0000000008006750                IMU_WriteOneByte
 *fill*         0x0000000008006776        0x2 
 .text.IMU_ReadOneByte
                0x0000000008006778       0x28 ./PeripheralDriver/Src/IMU.o
                0x0000000008006778                IMU_ReadOneByte
 .text.IMU_Initialise
                0x00000000080067a0      0x1fc ./PeripheralDriver/Src/IMU.o
                0x00000000080067a0                IMU_Initialise
 .text.IMU_AccelRead
                0x000000000800699c       0xcc ./PeripheralDriver/Src/IMU.o
                0x000000000800699c                IMU_AccelRead
 .text.IMU_GyroRead
                0x0000000008006a68       0xdc ./PeripheralDriver/Src/IMU.o
                0x0000000008006a68                IMU_GyroRead
 .text.OLED_WR_Byte
                0x0000000008006b44       0x5c ./PeripheralDriver/Src/oled.o
                0x0000000008006b44                OLED_WR_Byte
 .text.OLED_Refresh_Gram
                0x0000000008006ba0       0x44 ./PeripheralDriver/Src/oled.o
                0x0000000008006ba0                OLED_Refresh_Gram
 .text.OLED_Clear
                0x0000000008006be4       0x28 ./PeripheralDriver/Src/oled.o
                0x0000000008006be4                OLED_Clear
 .text.OLED_DrawPoint
                0x0000000008006c0c       0x3c ./PeripheralDriver/Src/oled.o
                0x0000000008006c0c                OLED_DrawPoint
 .text.OLED_ShowChar
                0x0000000008006c48       0x90 ./PeripheralDriver/Src/oled.o
                0x0000000008006c48                OLED_ShowChar
 .text.OLED_ShowString
                0x0000000008006cd8       0x3e ./PeripheralDriver/Src/oled.o
                0x0000000008006cd8                OLED_ShowString
 *fill*         0x0000000008006d16        0x2 
 .text.OLED_Init
                0x0000000008006d18      0x110 ./PeripheralDriver/Src/oled.o
                0x0000000008006d18                OLED_Init
 .text.oneOverSqrt
                0x0000000008006e28       0x28 ./PeripheralDriver/Src/tm_stm32_ahrs_imu.o
 .text.calculateAngles
                0x0000000008006e50      0x180 ./PeripheralDriver/Src/tm_stm32_ahrs_imu.o
 .text.TM_AHRSIMU_Init
                0x0000000008006fd0       0x22 ./PeripheralDriver/Src/tm_stm32_ahrs_imu.o
                0x0000000008006fd0                TM_AHRSIMU_Init
 .text.TM_AHRSIMU_UpdateIMU
                0x0000000008006ff2      0x21a ./PeripheralDriver/Src/tm_stm32_ahrs_imu.o
                0x0000000008006ff2                TM_AHRSIMU_UpdateIMU
 .text.TM_AHRSIMU_UpdateAHRS
                0x000000000800720c      0x450 ./PeripheralDriver/Src/tm_stm32_ahrs_imu.o
                0x000000000800720c                TM_AHRSIMU_UpdateAHRS
 .text.atoi     0x000000000800765c        0x8 c:/st/stm32cubeide_1.10.1/stm32cubeide/plugins/com.st.stm32cube.ide.mcu.externaltools.gnu-tools-for-stm32.10.3-2021.10.win32_1.0.0.202111181127/tools/bin/../lib/gcc/arm-none-eabi/10.3.1/../../../../arm-none-eabi/lib/thumb/v7e-m+fp/hard\libc_nano.a(lib_a-atoi.o)
                0x000000000800765c                atoi
 .text.__errno  0x0000000008007664        0xc c:/st/stm32cubeide_1.10.1/stm32cubeide/plugins/com.st.stm32cube.ide.mcu.externaltools.gnu-tools-for-stm32.10.3-2021.10.win32_1.0.0.202111181127/tools/bin/../lib/gcc/arm-none-eabi/10.3.1/../../../../arm-none-eabi/lib/thumb/v7e-m+fp/hard\libc_nano.a(lib_a-errno.o)
                0x0000000008007664                __errno
 .text.__libc_init_array
                0x0000000008007670       0x48 c:/st/stm32cubeide_1.10.1/stm32cubeide/plugins/com.st.stm32cube.ide.mcu.externaltools.gnu-tools-for-stm32.10.3-2021.10.win32_1.0.0.202111181127/tools/bin/../lib/gcc/arm-none-eabi/10.3.1/../../../../arm-none-eabi/lib/thumb/v7e-m+fp/hard\libc_nano.a(lib_a-init.o)
                0x0000000008007670                __libc_init_array
 .text.memcpy   0x00000000080076b8       0x1c c:/st/stm32cubeide_1.10.1/stm32cubeide/plugins/com.st.stm32cube.ide.mcu.externaltools.gnu-tools-for-stm32.10.3-2021.10.win32_1.0.0.202111181127/tools/bin/../lib/gcc/arm-none-eabi/10.3.1/../../../../arm-none-eabi/lib/thumb/v7e-m+fp/hard\libc_nano.a(lib_a-memcpy-stub.o)
                0x00000000080076b8                memcpy
 .text.memset   0x00000000080076d4       0x10 c:/st/stm32cubeide_1.10.1/stm32cubeide/plugins/com.st.stm32cube.ide.mcu.externaltools.gnu-tools-for-stm32.10.3-2021.10.win32_1.0.0.202111181127/tools/bin/../lib/gcc/arm-none-eabi/10.3.1/../../../../arm-none-eabi/lib/thumb/v7e-m+fp/hard\libc_nano.a(lib_a-memset.o)
                0x00000000080076d4                memset
 .text.__cvt    0x00000000080076e4       0xc4 c:/st/stm32cubeide_1.10.1/stm32cubeide/plugins/com.st.stm32cube.ide.mcu.externaltools.gnu-tools-for-stm32.10.3-2021.10.win32_1.0.0.202111181127/tools/bin/../lib/gcc/arm-none-eabi/10.3.1/../../../../arm-none-eabi/lib/thumb/v7e-m+fp/hard\libc_nano.a(lib_a-nano-vfprintf_float.o)
                0x00000000080076e4                __cvt
 .text.__exponent
                0x00000000080077a8       0x7c c:/st/stm32cubeide_1.10.1/stm32cubeide/plugins/com.st.stm32cube.ide.mcu.externaltools.gnu-tools-for-stm32.10.3-2021.10.win32_1.0.0.202111181127/tools/bin/../lib/gcc/arm-none-eabi/10.3.1/../../../../arm-none-eabi/lib/thumb/v7e-m+fp/hard\libc_nano.a(lib_a-nano-vfprintf_float.o)
                0x00000000080077a8                __exponent
 .text._printf_float
                0x0000000008007824      0x46c c:/st/stm32cubeide_1.10.1/stm32cubeide/plugins/com.st.stm32cube.ide.mcu.externaltools.gnu-tools-for-stm32.10.3-2021.10.win32_1.0.0.202111181127/tools/bin/../lib/gcc/arm-none-eabi/10.3.1/../../../../arm-none-eabi/lib/thumb/v7e-m+fp/hard\libc_nano.a(lib_a-nano-vfprintf_float.o)
                0x0000000008007824                _printf_float
 .text._printf_common
                0x0000000008007c90       0xda c:/st/stm32cubeide_1.10.1/stm32cubeide/plugins/com.st.stm32cube.ide.mcu.externaltools.gnu-tools-for-stm32.10.3-2021.10.win32_1.0.0.202111181127/tools/bin/../lib/gcc/arm-none-eabi/10.3.1/../../../../arm-none-eabi/lib/thumb/v7e-m+fp/hard\libc_nano.a(lib_a-nano-vfprintf_i.o)
                0x0000000008007c90                _printf_common
 *fill*         0x0000000008007d6a        0x2 
 .text._printf_i
                0x0000000008007d6c      0x24c c:/st/stm32cubeide_1.10.1/stm32cubeide/plugins/com.st.stm32cube.ide.mcu.externaltools.gnu-tools-for-stm32.10.3-2021.10.win32_1.0.0.202111181127/tools/bin/../lib/gcc/arm-none-eabi/10.3.1/../../../../arm-none-eabi/lib/thumb/v7e-m+fp/hard\libc_nano.a(lib_a-nano-vfprintf_i.o)
                0x0000000008007d6c                _printf_i
 .text.printf   0x0000000008007fb8       0x30 c:/st/stm32cubeide_1.10.1/stm32cubeide/plugins/com.st.stm32cube.ide.mcu.externaltools.gnu-tools-for-stm32.10.3-2021.10.win32_1.0.0.202111181127/tools/bin/../lib/gcc/arm-none-eabi/10.3.1/../../../../arm-none-eabi/lib/thumb/v7e-m+fp/hard\libc_nano.a(lib_a-printf.o)
                0x0000000008007fb8                iprintf
                0x0000000008007fb8                printf
 .text.sprintf  0x0000000008007fe8       0x40 c:/st/stm32cubeide_1.10.1/stm32cubeide/plugins/com.st.stm32cube.ide.mcu.externaltools.gnu-tools-for-stm32.10.3-2021.10.win32_1.0.0.202111181127/tools/bin/../lib/gcc/arm-none-eabi/10.3.1/../../../../arm-none-eabi/lib/thumb/v7e-m+fp/hard\libc_nano.a(lib_a-sprintf.o)
                0x0000000008007fe8                siprintf
                0x0000000008007fe8                sprintf
 .text.strcpy   0x0000000008008028       0x10 c:/st/stm32cubeide_1.10.1/stm32cubeide/plugins/com.st.stm32cube.ide.mcu.externaltools.gnu-tools-for-stm32.10.3-2021.10.win32_1.0.0.202111181127/tools/bin/../lib/gcc/arm-none-eabi/10.3.1/../../../../arm-none-eabi/lib/thumb/v7e-m+fp/hard\libc_nano.a(lib_a-strcpy.o)
                0x0000000008008028                strcpy
 .text._strtol_l.constprop.0
                0x0000000008008038      0x104 c:/st/stm32cubeide_1.10.1/stm32cubeide/plugins/com.st.stm32cube.ide.mcu.externaltools.gnu-tools-for-stm32.10.3-2021.10.win32_1.0.0.202111181127/tools/bin/../lib/gcc/arm-none-eabi/10.3.1/../../../../arm-none-eabi/lib/thumb/v7e-m+fp/hard\libc_nano.a(lib_a-strtol.o)
 .text.strtol   0x000000000800813c       0x14 c:/st/stm32cubeide_1.10.1/stm32cubeide/plugins/com.st.stm32cube.ide.mcu.externaltools.gnu-tools-for-stm32.10.3-2021.10.win32_1.0.0.202111181127/tools/bin/../lib/gcc/arm-none-eabi/10.3.1/../../../../arm-none-eabi/lib/thumb/v7e-m+fp/hard\libc_nano.a(lib_a-strtol.o)
                0x000000000800813c                strtol
 .text.__swbuf_r
                0x0000000008008150       0xa4 c:/st/stm32cubeide_1.10.1/stm32cubeide/plugins/com.st.stm32cube.ide.mcu.externaltools.gnu-tools-for-stm32.10.3-2021.10.win32_1.0.0.202111181127/tools/bin/../lib/gcc/arm-none-eabi/10.3.1/../../../../arm-none-eabi/lib/thumb/v7e-m+fp/hard\libc_nano.a(lib_a-wbuf.o)
                0x0000000008008150                __swbuf_r
 .text.__swsetup_r
                0x00000000080081f4       0xdc c:/st/stm32cubeide_1.10.1/stm32cubeide/plugins/com.st.stm32cube.ide.mcu.externaltools.gnu-tools-for-stm32.10.3-2021.10.win32_1.0.0.202111181127/tools/bin/../lib/gcc/arm-none-eabi/10.3.1/../../../../arm-none-eabi/lib/thumb/v7e-m+fp/hard\libc_nano.a(lib_a-wsetup.o)
                0x00000000080081f4                __swsetup_r
 .text.quorem   0x00000000080082d0      0x116 c:/st/stm32cubeide_1.10.1/stm32cubeide/plugins/com.st.stm32cube.ide.mcu.externaltools.gnu-tools-for-stm32.10.3-2021.10.win32_1.0.0.202111181127/tools/bin/../lib/gcc/arm-none-eabi/10.3.1/../../../../arm-none-eabi/lib/thumb/v7e-m+fp/hard\libc_nano.a(lib_a-dtoa.o)
 *fill*         0x00000000080083e6        0x2 
 .text._dtoa_r  0x00000000080083e8      0xbdc c:/st/stm32cubeide_1.10.1/stm32cubeide/plugins/com.st.stm32cube.ide.mcu.externaltools.gnu-tools-for-stm32.10.3-2021.10.win32_1.0.0.202111181127/tools/bin/../lib/gcc/arm-none-eabi/10.3.1/../../../../arm-none-eabi/lib/thumb/v7e-m+fp/hard\libc_nano.a(lib_a-dtoa.o)
                0x00000000080083e8                _dtoa_r
 .text.__sflush_r
                0x0000000008008fc4      0x10c c:/st/stm32cubeide_1.10.1/stm32cubeide/plugins/com.st.stm32cube.ide.mcu.externaltools.gnu-tools-for-stm32.10.3-2021.10.win32_1.0.0.202111181127/tools/bin/../lib/gcc/arm-none-eabi/10.3.1/../../../../arm-none-eabi/lib/thumb/v7e-m+fp/hard\libc_nano.a(lib_a-fflush.o)
                0x0000000008008fc4                __sflush_r
 .text._fflush_r
                0x00000000080090d0       0x78 c:/st/stm32cubeide_1.10.1/stm32cubeide/plugins/com.st.stm32cube.ide.mcu.externaltools.gnu-tools-for-stm32.10.3-2021.10.win32_1.0.0.202111181127/tools/bin/../lib/gcc/arm-none-eabi/10.3.1/../../../../arm-none-eabi/lib/thumb/v7e-m+fp/hard\libc_nano.a(lib_a-fflush.o)
                0x00000000080090d0                _fflush_r
 .text.std      0x0000000008009148       0x48 c:/st/stm32cubeide_1.10.1/stm32cubeide/plugins/com.st.stm32cube.ide.mcu.externaltools.gnu-tools-for-stm32.10.3-2021.10.win32_1.0.0.202111181127/tools/bin/../lib/gcc/arm-none-eabi/10.3.1/../../../../arm-none-eabi/lib/thumb/v7e-m+fp/hard\libc_nano.a(lib_a-findfp.o)
 .text._cleanup_r
                0x0000000008009190        0xc c:/st/stm32cubeide_1.10.1/stm32cubeide/plugins/com.st.stm32cube.ide.mcu.externaltools.gnu-tools-for-stm32.10.3-2021.10.win32_1.0.0.202111181127/tools/bin/../lib/gcc/arm-none-eabi/10.3.1/../../../../arm-none-eabi/lib/thumb/v7e-m+fp/hard\libc_nano.a(lib_a-findfp.o)
                0x0000000008009190                _cleanup_r
 .text.__sfmoreglue
                0x000000000800919c       0x2c c:/st/stm32cubeide_1.10.1/stm32cubeide/plugins/com.st.stm32cube.ide.mcu.externaltools.gnu-tools-for-stm32.10.3-2021.10.win32_1.0.0.202111181127/tools/bin/../lib/gcc/arm-none-eabi/10.3.1/../../../../arm-none-eabi/lib/thumb/v7e-m+fp/hard\libc_nano.a(lib_a-findfp.o)
                0x000000000800919c                __sfmoreglue
 .text.__sfp_lock_acquire
                0x00000000080091c8        0xc c:/st/stm32cubeide_1.10.1/stm32cubeide/plugins/com.st.stm32cube.ide.mcu.externaltools.gnu-tools-for-stm32.10.3-2021.10.win32_1.0.0.202111181127/tools/bin/../lib/gcc/arm-none-eabi/10.3.1/../../../../arm-none-eabi/lib/thumb/v7e-m+fp/hard\libc_nano.a(lib_a-findfp.o)
                0x00000000080091c8                __sfp_lock_acquire
 .text.__sfp_lock_release
                0x00000000080091d4        0xc c:/st/stm32cubeide_1.10.1/stm32cubeide/plugins/com.st.stm32cube.ide.mcu.externaltools.gnu-tools-for-stm32.10.3-2021.10.win32_1.0.0.202111181127/tools/bin/../lib/gcc/arm-none-eabi/10.3.1/../../../../arm-none-eabi/lib/thumb/v7e-m+fp/hard\libc_nano.a(lib_a-findfp.o)
                0x00000000080091d4                __sfp_lock_release
 .text.__sinit_lock_acquire
                0x00000000080091e0        0xc c:/st/stm32cubeide_1.10.1/stm32cubeide/plugins/com.st.stm32cube.ide.mcu.externaltools.gnu-tools-for-stm32.10.3-2021.10.win32_1.0.0.202111181127/tools/bin/../lib/gcc/arm-none-eabi/10.3.1/../../../../arm-none-eabi/lib/thumb/v7e-m+fp/hard\libc_nano.a(lib_a-findfp.o)
                0x00000000080091e0                __sinit_lock_acquire
 .text.__sinit_lock_release
                0x00000000080091ec        0xc c:/st/stm32cubeide_1.10.1/stm32cubeide/plugins/com.st.stm32cube.ide.mcu.externaltools.gnu-tools-for-stm32.10.3-2021.10.win32_1.0.0.202111181127/tools/bin/../lib/gcc/arm-none-eabi/10.3.1/../../../../arm-none-eabi/lib/thumb/v7e-m+fp/hard\libc_nano.a(lib_a-findfp.o)
                0x00000000080091ec                __sinit_lock_release
 .text.__sinit  0x00000000080091f8       0x70 c:/st/stm32cubeide_1.10.1/stm32cubeide/plugins/com.st.stm32cube.ide.mcu.externaltools.gnu-tools-for-stm32.10.3-2021.10.win32_1.0.0.202111181127/tools/bin/../lib/gcc/arm-none-eabi/10.3.1/../../../../arm-none-eabi/lib/thumb/v7e-m+fp/hard\libc_nano.a(lib_a-findfp.o)
                0x00000000080091f8                __sinit
 .text.__sfp    0x0000000008009268       0x8c c:/st/stm32cubeide_1.10.1/stm32cubeide/plugins/com.st.stm32cube.ide.mcu.externaltools.gnu-tools-for-stm32.10.3-2021.10.win32_1.0.0.202111181127/tools/bin/../lib/gcc/arm-none-eabi/10.3.1/../../../../arm-none-eabi/lib/thumb/v7e-m+fp/hard\libc_nano.a(lib_a-findfp.o)
                0x0000000008009268                __sfp
 .text._fwalk_reent
                0x00000000080092f4       0x3e c:/st/stm32cubeide_1.10.1/stm32cubeide/plugins/com.st.stm32cube.ide.mcu.externaltools.gnu-tools-for-stm32.10.3-2021.10.win32_1.0.0.202111181127/tools/bin/../lib/gcc/arm-none-eabi/10.3.1/../../../../arm-none-eabi/lib/thumb/v7e-m+fp/hard\libc_nano.a(lib_a-fwalk.o)
                0x00000000080092f4                _fwalk_reent
 *fill*         0x0000000008009332        0x2 
 .text._localeconv_r
                0x0000000008009334        0x8 c:/st/stm32cubeide_1.10.1/stm32cubeide/plugins/com.st.stm32cube.ide.mcu.externaltools.gnu-tools-for-stm32.10.3-2021.10.win32_1.0.0.202111181127/tools/bin/../lib/gcc/arm-none-eabi/10.3.1/../../../../arm-none-eabi/lib/thumb/v7e-m+fp/hard\libc_nano.a(lib_a-localeconv.o)
                0x0000000008009334                _localeconv_r
 .text.__retarget_lock_init_recursive
                0x000000000800933c        0x2 c:/st/stm32cubeide_1.10.1/stm32cubeide/plugins/com.st.stm32cube.ide.mcu.externaltools.gnu-tools-for-stm32.10.3-2021.10.win32_1.0.0.202111181127/tools/bin/../lib/gcc/arm-none-eabi/10.3.1/../../../../arm-none-eabi/lib/thumb/v7e-m+fp/hard\libc_nano.a(lib_a-lock.o)
                0x000000000800933c                __retarget_lock_init_recursive
 .text.__retarget_lock_acquire_recursive
                0x000000000800933e        0x2 c:/st/stm32cubeide_1.10.1/stm32cubeide/plugins/com.st.stm32cube.ide.mcu.externaltools.gnu-tools-for-stm32.10.3-2021.10.win32_1.0.0.202111181127/tools/bin/../lib/gcc/arm-none-eabi/10.3.1/../../../../arm-none-eabi/lib/thumb/v7e-m+fp/hard\libc_nano.a(lib_a-lock.o)
                0x000000000800933e                __retarget_lock_acquire_recursive
 .text.__retarget_lock_release_recursive
                0x0000000008009340        0x2 c:/st/stm32cubeide_1.10.1/stm32cubeide/plugins/com.st.stm32cube.ide.mcu.externaltools.gnu-tools-for-stm32.10.3-2021.10.win32_1.0.0.202111181127/tools/bin/../lib/gcc/arm-none-eabi/10.3.1/../../../../arm-none-eabi/lib/thumb/v7e-m+fp/hard\libc_nano.a(lib_a-lock.o)
                0x0000000008009340                __retarget_lock_release_recursive
 .text.__swhatbuf_r
                0x0000000008009342       0x4a c:/st/stm32cubeide_1.10.1/stm32cubeide/plugins/com.st.stm32cube.ide.mcu.externaltools.gnu-tools-for-stm32.10.3-2021.10.win32_1.0.0.202111181127/tools/bin/../lib/gcc/arm-none-eabi/10.3.1/../../../../arm-none-eabi/lib/thumb/v7e-m+fp/hard\libc_nano.a(lib_a-makebuf.o)
                0x0000000008009342                __swhatbuf_r
 .text.__smakebuf_r
                0x000000000800938c       0x80 c:/st/stm32cubeide_1.10.1/stm32cubeide/plugins/com.st.stm32cube.ide.mcu.externaltools.gnu-tools-for-stm32.10.3-2021.10.win32_1.0.0.202111181127/tools/bin/../lib/gcc/arm-none-eabi/10.3.1/../../../../arm-none-eabi/lib/thumb/v7e-m+fp/hard\libc_nano.a(lib_a-makebuf.o)
                0x000000000800938c                __smakebuf_r
 .text.malloc   0x000000000800940c       0x10 c:/st/stm32cubeide_1.10.1/stm32cubeide/plugins/com.st.stm32cube.ide.mcu.externaltools.gnu-tools-for-stm32.10.3-2021.10.win32_1.0.0.202111181127/tools/bin/../lib/gcc/arm-none-eabi/10.3.1/../../../../arm-none-eabi/lib/thumb/v7e-m+fp/hard\libc_nano.a(lib_a-malloc.o)
                0x000000000800940c                malloc
 .text._Balloc  0x000000000800941c       0x80 c:/st/stm32cubeide_1.10.1/stm32cubeide/plugins/com.st.stm32cube.ide.mcu.externaltools.gnu-tools-for-stm32.10.3-2021.10.win32_1.0.0.202111181127/tools/bin/../lib/gcc/arm-none-eabi/10.3.1/../../../../arm-none-eabi/lib/thumb/v7e-m+fp/hard\libc_nano.a(lib_a-mprec.o)
                0x000000000800941c                _Balloc
 .text._Bfree   0x000000000800949c       0x44 c:/st/stm32cubeide_1.10.1/stm32cubeide/plugins/com.st.stm32cube.ide.mcu.externaltools.gnu-tools-for-stm32.10.3-2021.10.win32_1.0.0.202111181127/tools/bin/../lib/gcc/arm-none-eabi/10.3.1/../../../../arm-none-eabi/lib/thumb/v7e-m+fp/hard\libc_nano.a(lib_a-mprec.o)
                0x000000000800949c                _Bfree
 .text.__multadd
                0x00000000080094e0       0x8c c:/st/stm32cubeide_1.10.1/stm32cubeide/plugins/com.st.stm32cube.ide.mcu.externaltools.gnu-tools-for-stm32.10.3-2021.10.win32_1.0.0.202111181127/tools/bin/../lib/gcc/arm-none-eabi/10.3.1/../../../../arm-none-eabi/lib/thumb/v7e-m+fp/hard\libc_nano.a(lib_a-mprec.o)
                0x00000000080094e0                __multadd
 .text.__hi0bits
                0x000000000800956c       0x40 c:/st/stm32cubeide_1.10.1/stm32cubeide/plugins/com.st.stm32cube.ide.mcu.externaltools.gnu-tools-for-stm32.10.3-2021.10.win32_1.0.0.202111181127/tools/bin/../lib/gcc/arm-none-eabi/10.3.1/../../../../arm-none-eabi/lib/thumb/v7e-m+fp/hard\libc_nano.a(lib_a-mprec.o)
                0x000000000800956c                __hi0bits
 .text.__lo0bits
                0x00000000080095ac       0x5e c:/st/stm32cubeide_1.10.1/stm32cubeide/plugins/com.st.stm32cube.ide.mcu.externaltools.gnu-tools-for-stm32.10.3-2021.10.win32_1.0.0.202111181127/tools/bin/../lib/gcc/arm-none-eabi/10.3.1/../../../../arm-none-eabi/lib/thumb/v7e-m+fp/hard\libc_nano.a(lib_a-mprec.o)
                0x00000000080095ac                __lo0bits
 *fill*         0x000000000800960a        0x2 
 .text.__i2b    0x000000000800960c       0x2c c:/st/stm32cubeide_1.10.1/stm32cubeide/plugins/com.st.stm32cube.ide.mcu.externaltools.gnu-tools-for-stm32.10.3-2021.10.win32_1.0.0.202111181127/tools/bin/../lib/gcc/arm-none-eabi/10.3.1/../../../../arm-none-eabi/lib/thumb/v7e-m+fp/hard\libc_nano.a(lib_a-mprec.o)
                0x000000000800960c                __i2b
 .text.__multiply
                0x0000000008009638      0x154 c:/st/stm32cubeide_1.10.1/stm32cubeide/plugins/com.st.stm32cube.ide.mcu.externaltools.gnu-tools-for-stm32.10.3-2021.10.win32_1.0.0.202111181127/tools/bin/../lib/gcc/arm-none-eabi/10.3.1/../../../../arm-none-eabi/lib/thumb/v7e-m+fp/hard\libc_nano.a(lib_a-mprec.o)
                0x0000000008009638                __multiply
 .text.__pow5mult
                0x000000000800978c       0xb4 c:/st/stm32cubeide_1.10.1/stm32cubeide/plugins/com.st.stm32cube.ide.mcu.externaltools.gnu-tools-for-stm32.10.3-2021.10.win32_1.0.0.202111181127/tools/bin/../lib/gcc/arm-none-eabi/10.3.1/../../../../arm-none-eabi/lib/thumb/v7e-m+fp/hard\libc_nano.a(lib_a-mprec.o)
                0x000000000800978c                __pow5mult
 .text.__lshift
                0x0000000008009840       0xe0 c:/st/stm32cubeide_1.10.1/stm32cubeide/plugins/com.st.stm32cube.ide.mcu.externaltools.gnu-tools-for-stm32.10.3-2021.10.win32_1.0.0.202111181127/tools/bin/../lib/gcc/arm-none-eabi/10.3.1/../../../../arm-none-eabi/lib/thumb/v7e-m+fp/hard\libc_nano.a(lib_a-mprec.o)
                0x0000000008009840                __lshift
 .text.__mcmp   0x0000000008009920       0x38 c:/st/stm32cubeide_1.10.1/stm32cubeide/plugins/com.st.stm32cube.ide.mcu.externaltools.gnu-tools-for-stm32.10.3-2021.10.win32_1.0.0.202111181127/tools/bin/../lib/gcc/arm-none-eabi/10.3.1/../../../../arm-none-eabi/lib/thumb/v7e-m+fp/hard\libc_nano.a(lib_a-mprec.o)
                0x0000000008009920                __mcmp
 .text.__mdiff  0x0000000008009958      0x114 c:/st/stm32cubeide_1.10.1/stm32cubeide/plugins/com.st.stm32cube.ide.mcu.externaltools.gnu-tools-for-stm32.10.3-2021.10.win32_1.0.0.202111181127/tools/bin/../lib/gcc/arm-none-eabi/10.3.1/../../../../arm-none-eabi/lib/thumb/v7e-m+fp/hard\libc_nano.a(lib_a-mprec.o)
                0x0000000008009958                __mdiff
 .text.__d2b    0x0000000008009a6c       0xb8 c:/st/stm32cubeide_1.10.1/stm32cubeide/plugins/com.st.stm32cube.ide.mcu.externaltools.gnu-tools-for-stm32.10.3-2021.10.win32_1.0.0.202111181127/tools/bin/../lib/gcc/arm-none-eabi/10.3.1/../../../../arm-none-eabi/lib/thumb/v7e-m+fp/hard\libc_nano.a(lib_a-mprec.o)
                0x0000000008009a6c                __d2b
 .text._calloc_r
                0x0000000008009b24       0x2c c:/st/stm32cubeide_1.10.1/stm32cubeide/plugins/com.st.stm32cube.ide.mcu.externaltools.gnu-tools-for-stm32.10.3-2021.10.win32_1.0.0.202111181127/tools/bin/../lib/gcc/arm-none-eabi/10.3.1/../../../../arm-none-eabi/lib/thumb/v7e-m+fp/hard\libc_nano.a(lib_a-nano-callocr.o)
                0x0000000008009b24                _calloc_r
 .text._free_r  0x0000000008009b50       0x98 c:/st/stm32cubeide_1.10.1/stm32cubeide/plugins/com.st.stm32cube.ide.mcu.externaltools.gnu-tools-for-stm32.10.3-2021.10.win32_1.0.0.202111181127/tools/bin/../lib/gcc/arm-none-eabi/10.3.1/../../../../arm-none-eabi/lib/thumb/v7e-m+fp/hard\libc_nano.a(lib_a-nano-freer.o)
                0x0000000008009b50                _free_r
 .text.sbrk_aligned
                0x0000000008009be8       0x40 c:/st/stm32cubeide_1.10.1/stm32cubeide/plugins/com.st.stm32cube.ide.mcu.externaltools.gnu-tools-for-stm32.10.3-2021.10.win32_1.0.0.202111181127/tools/bin/../lib/gcc/arm-none-eabi/10.3.1/../../../../arm-none-eabi/lib/thumb/v7e-m+fp/hard\libc_nano.a(lib_a-nano-mallocr.o)
 .text._malloc_r
                0x0000000008009c28       0xe8 c:/st/stm32cubeide_1.10.1/stm32cubeide/plugins/com.st.stm32cube.ide.mcu.externaltools.gnu-tools-for-stm32.10.3-2021.10.win32_1.0.0.202111181127/tools/bin/../lib/gcc/arm-none-eabi/10.3.1/../../../../arm-none-eabi/lib/thumb/v7e-m+fp/hard\libc_nano.a(lib_a-nano-mallocr.o)
                0x0000000008009c28                _malloc_r
 .text.__ssputs_r
                0x0000000008009d10       0xb6 c:/st/stm32cubeide_1.10.1/stm32cubeide/plugins/com.st.stm32cube.ide.mcu.externaltools.gnu-tools-for-stm32.10.3-2021.10.win32_1.0.0.202111181127/tools/bin/../lib/gcc/arm-none-eabi/10.3.1/../../../../arm-none-eabi/lib/thumb/v7e-m+fp/hard\libc_nano.a(lib_a-nano-svfprintf.o)
                0x0000000008009d10                __ssputs_r
 *fill*         0x0000000008009dc6        0x2 
 .text._svfprintf_r
                0x0000000008009dc8      0x200 c:/st/stm32cubeide_1.10.1/stm32cubeide/plugins/com.st.stm32cube.ide.mcu.externaltools.gnu-tools-for-stm32.10.3-2021.10.win32_1.0.0.202111181127/tools/bin/../lib/gcc/arm-none-eabi/10.3.1/../../../../arm-none-eabi/lib/thumb/v7e-m+fp/hard\libc_nano.a(lib_a-nano-svfprintf.o)
                0x0000000008009dc8                _svfiprintf_r
                0x0000000008009dc8                _svfprintf_r
 .text.__sfputc_r
                0x0000000008009fc8       0x2e c:/st/stm32cubeide_1.10.1/stm32cubeide/plugins/com.st.stm32cube.ide.mcu.externaltools.gnu-tools-for-stm32.10.3-2021.10.win32_1.0.0.202111181127/tools/bin/../lib/gcc/arm-none-eabi/10.3.1/../../../../arm-none-eabi/lib/thumb/v7e-m+fp/hard\libc_nano.a(lib_a-nano-vfprintf.o)
 .text.__sfputs_r
                0x0000000008009ff6       0x24 c:/st/stm32cubeide_1.10.1/stm32cubeide/plugins/com.st.stm32cube.ide.mcu.externaltools.gnu-tools-for-stm32.10.3-2021.10.win32_1.0.0.202111181127/tools/bin/../lib/gcc/arm-none-eabi/10.3.1/../../../../arm-none-eabi/lib/thumb/v7e-m+fp/hard\libc_nano.a(lib_a-nano-vfprintf.o)
                0x0000000008009ff6                __sfputs_r
 *fill*         0x000000000800a01a        0x2 
 .text._vfprintf_r
                0x000000000800a01c      0x260 c:/st/stm32cubeide_1.10.1/stm32cubeide/plugins/com.st.stm32cube.ide.mcu.externaltools.gnu-tools-for-stm32.10.3-2021.10.win32_1.0.0.202111181127/tools/bin/../lib/gcc/arm-none-eabi/10.3.1/../../../../arm-none-eabi/lib/thumb/v7e-m+fp/hard\libc_nano.a(lib_a-nano-vfprintf.o)
                0x000000000800a01c                _vfprintf_r
                0x000000000800a01c                _vfiprintf_r
 .text._sbrk_r  0x000000000800a27c       0x20 c:/st/stm32cubeide_1.10.1/stm32cubeide/plugins/com.st.stm32cube.ide.mcu.externaltools.gnu-tools-for-stm32.10.3-2021.10.win32_1.0.0.202111181127/tools/bin/../lib/gcc/arm-none-eabi/10.3.1/../../../../arm-none-eabi/lib/thumb/v7e-m+fp/hard\libc_nano.a(lib_a-sbrkr.o)
                0x000000000800a27c                _sbrk_r
 .text.__sread  0x000000000800a29c       0x22 c:/st/stm32cubeide_1.10.1/stm32cubeide/plugins/com.st.stm32cube.ide.mcu.externaltools.gnu-tools-for-stm32.10.3-2021.10.win32_1.0.0.202111181127/tools/bin/../lib/gcc/arm-none-eabi/10.3.1/../../../../arm-none-eabi/lib/thumb/v7e-m+fp/hard\libc_nano.a(lib_a-stdio.o)
                0x000000000800a29c                __sread
 .text.__swrite
                0x000000000800a2be       0x38 c:/st/stm32cubeide_1.10.1/stm32cubeide/plugins/com.st.stm32cube.ide.mcu.externaltools.gnu-tools-for-stm32.10.3-2021.10.win32_1.0.0.202111181127/tools/bin/../lib/gcc/arm-none-eabi/10.3.1/../../../../arm-none-eabi/lib/thumb/v7e-m+fp/hard\libc_nano.a(lib_a-stdio.o)
                0x000000000800a2be                __swrite
 .text.__sseek  0x000000000800a2f6       0x24 c:/st/stm32cubeide_1.10.1/stm32cubeide/plugins/com.st.stm32cube.ide.mcu.externaltools.gnu-tools-for-stm32.10.3-2021.10.win32_1.0.0.202111181127/tools/bin/../lib/gcc/arm-none-eabi/10.3.1/../../../../arm-none-eabi/lib/thumb/v7e-m+fp/hard\libc_nano.a(lib_a-stdio.o)
                0x000000000800a2f6                __sseek
 .text.__sclose
                0x000000000800a31a        0x8 c:/st/stm32cubeide_1.10.1/stm32cubeide/plugins/com.st.stm32cube.ide.mcu.externaltools.gnu-tools-for-stm32.10.3-2021.10.win32_1.0.0.202111181127/tools/bin/../lib/gcc/arm-none-eabi/10.3.1/../../../../arm-none-eabi/lib/thumb/v7e-m+fp/hard\libc_nano.a(lib_a-stdio.o)
                0x000000000800a31a                __sclose
 *fill*         0x000000000800a322        0x2 
 .text._write_r
                0x000000000800a324       0x24 c:/st/stm32cubeide_1.10.1/stm32cubeide/plugins/com.st.stm32cube.ide.mcu.externaltools.gnu-tools-for-stm32.10.3-2021.10.win32_1.0.0.202111181127/tools/bin/../lib/gcc/arm-none-eabi/10.3.1/../../../../arm-none-eabi/lib/thumb/v7e-m+fp/hard\libc_nano.a(lib_a-writer.o)
                0x000000000800a324                _write_r
 .text.__assert_func
                0x000000000800a348       0x3c c:/st/stm32cubeide_1.10.1/stm32cubeide/plugins/com.st.stm32cube.ide.mcu.externaltools.gnu-tools-for-stm32.10.3-2021.10.win32_1.0.0.202111181127/tools/bin/../lib/gcc/arm-none-eabi/10.3.1/../../../../arm-none-eabi/lib/thumb/v7e-m+fp/hard\libc_nano.a(lib_a-assert.o)
                0x000000000800a348                __assert_func
 .text._close_r
                0x000000000800a384       0x20 c:/st/stm32cubeide_1.10.1/stm32cubeide/plugins/com.st.stm32cube.ide.mcu.externaltools.gnu-tools-for-stm32.10.3-2021.10.win32_1.0.0.202111181127/tools/bin/../lib/gcc/arm-none-eabi/10.3.1/../../../../arm-none-eabi/lib/thumb/v7e-m+fp/hard\libc_nano.a(lib_a-closer.o)
                0x000000000800a384                _close_r
 .text.fprintf  0x000000000800a3a4       0x24 c:/st/stm32cubeide_1.10.1/stm32cubeide/plugins/com.st.stm32cube.ide.mcu.externaltools.gnu-tools-for-stm32.10.3-2021.10.win32_1.0.0.202111181127/tools/bin/../lib/gcc/arm-none-eabi/10.3.1/../../../../arm-none-eabi/lib/thumb/v7e-m+fp/hard\libc_nano.a(lib_a-fprintf.o)
                0x000000000800a3a4                fiprintf
                0x000000000800a3a4                fprintf
 .text._fstat_r
                0x000000000800a3c8       0x24 c:/st/stm32cubeide_1.10.1/stm32cubeide/plugins/com.st.stm32cube.ide.mcu.externaltools.gnu-tools-for-stm32.10.3-2021.10.win32_1.0.0.202111181127/tools/bin/../lib/gcc/arm-none-eabi/10.3.1/../../../../arm-none-eabi/lib/thumb/v7e-m+fp/hard\libc_nano.a(lib_a-fstatr.o)
                0x000000000800a3c8                _fstat_r
 .text._isatty_r
                0x000000000800a3ec       0x20 c:/st/stm32cubeide_1.10.1/stm32cubeide/plugins/com.st.stm32cube.ide.mcu.externaltools.gnu-tools-for-stm32.10.3-2021.10.win32_1.0.0.202111181127/tools/bin/../lib/gcc/arm-none-eabi/10.3.1/../../../../arm-none-eabi/lib/thumb/v7e-m+fp/hard\libc_nano.a(lib_a-isattyr.o)
                0x000000000800a3ec                _isatty_r
 .text._lseek_r
                0x000000000800a40c       0x24 c:/st/stm32cubeide_1.10.1/stm32cubeide/plugins/com.st.stm32cube.ide.mcu.externaltools.gnu-tools-for-stm32.10.3-2021.10.win32_1.0.0.202111181127/tools/bin/../lib/gcc/arm-none-eabi/10.3.1/../../../../arm-none-eabi/lib/thumb/v7e-m+fp/hard\libc_nano.a(lib_a-lseekr.o)
                0x000000000800a40c                _lseek_r
 .text.__ascii_mbtowc
                0x000000000800a430       0x24 c:/st/stm32cubeide_1.10.1/stm32cubeide/plugins/com.st.stm32cube.ide.mcu.externaltools.gnu-tools-for-stm32.10.3-2021.10.win32_1.0.0.202111181127/tools/bin/../lib/gcc/arm-none-eabi/10.3.1/../../../../arm-none-eabi/lib/thumb/v7e-m+fp/hard\libc_nano.a(lib_a-mbtowc_r.o)
                0x000000000800a430                __ascii_mbtowc
 .text.memmove  0x000000000800a454       0x34 c:/st/stm32cubeide_1.10.1/stm32cubeide/plugins/com.st.stm32cube.ide.mcu.externaltools.gnu-tools-for-stm32.10.3-2021.10.win32_1.0.0.202111181127/tools/bin/../lib/gcc/arm-none-eabi/10.3.1/../../../../arm-none-eabi/lib/thumb/v7e-m+fp/hard\libc_nano.a(lib_a-memmove.o)
                0x000000000800a454                memmove
 .text.__malloc_lock
                0x000000000800a488        0xc c:/st/stm32cubeide_1.10.1/stm32cubeide/plugins/com.st.stm32cube.ide.mcu.externaltools.gnu-tools-for-stm32.10.3-2021.10.win32_1.0.0.202111181127/tools/bin/../lib/gcc/arm-none-eabi/10.3.1/../../../../arm-none-eabi/lib/thumb/v7e-m+fp/hard\libc_nano.a(lib_a-mlock.o)
                0x000000000800a488                __malloc_lock
 .text.__malloc_unlock
                0x000000000800a494        0xc c:/st/stm32cubeide_1.10.1/stm32cubeide/plugins/com.st.stm32cube.ide.mcu.externaltools.gnu-tools-for-stm32.10.3-2021.10.win32_1.0.0.202111181127/tools/bin/../lib/gcc/arm-none-eabi/10.3.1/../../../../arm-none-eabi/lib/thumb/v7e-m+fp/hard\libc_nano.a(lib_a-mlock.o)
                0x000000000800a494                __malloc_unlock
 .text._realloc_r
                0x000000000800a4a0       0x5e c:/st/stm32cubeide_1.10.1/stm32cubeide/plugins/com.st.stm32cube.ide.mcu.externaltools.gnu-tools-for-stm32.10.3-2021.10.win32_1.0.0.202111181127/tools/bin/../lib/gcc/arm-none-eabi/10.3.1/../../../../arm-none-eabi/lib/thumb/v7e-m+fp/hard\libc_nano.a(lib_a-nano-reallocr.o)
                0x000000000800a4a0                _realloc_r
 *fill*         0x000000000800a4fe        0x2 
 .text._read_r  0x000000000800a500       0x24 c:/st/stm32cubeide_1.10.1/stm32cubeide/plugins/com.st.stm32cube.ide.mcu.externaltools.gnu-tools-for-stm32.10.3-2021.10.win32_1.0.0.202111181127/tools/bin/../lib/gcc/arm-none-eabi/10.3.1/../../../../arm-none-eabi/lib/thumb/v7e-m+fp/hard\libc_nano.a(lib_a-readr.o)
                0x000000000800a500                _read_r
 .text.__ascii_wctomb
                0x000000000800a524       0x1a c:/st/stm32cubeide_1.10.1/stm32cubeide/plugins/com.st.stm32cube.ide.mcu.externaltools.gnu-tools-for-stm32.10.3-2021.10.win32_1.0.0.202111181127/tools/bin/../lib/gcc/arm-none-eabi/10.3.1/../../../../arm-none-eabi/lib/thumb/v7e-m+fp/hard\libc_nano.a(lib_a-wctomb_r.o)
                0x000000000800a524                __ascii_wctomb
 .text.abort    0x000000000800a53e        0xe c:/st/stm32cubeide_1.10.1/stm32cubeide/plugins/com.st.stm32cube.ide.mcu.externaltools.gnu-tools-for-stm32.10.3-2021.10.win32_1.0.0.202111181127/tools/bin/../lib/gcc/arm-none-eabi/10.3.1/../../../../arm-none-eabi/lib/thumb/v7e-m+fp/hard\libc_nano.a(lib_a-abort.o)
                0x000000000800a53e                abort
 .text._malloc_usable_size_r
                0x000000000800a54c       0x10 c:/st/stm32cubeide_1.10.1/stm32cubeide/plugins/com.st.stm32cube.ide.mcu.externaltools.gnu-tools-for-stm32.10.3-2021.10.win32_1.0.0.202111181127/tools/bin/../lib/gcc/arm-none-eabi/10.3.1/../../../../arm-none-eabi/lib/thumb/v7e-m+fp/hard\libc_nano.a(lib_a-nano-msizer.o)
                0x000000000800a54c                _malloc_usable_size_r
 .text._raise_r
                0x000000000800a55c       0x50 c:/st/stm32cubeide_1.10.1/stm32cubeide/plugins/com.st.stm32cube.ide.mcu.externaltools.gnu-tools-for-stm32.10.3-2021.10.win32_1.0.0.202111181127/tools/bin/../lib/gcc/arm-none-eabi/10.3.1/../../../../arm-none-eabi/lib/thumb/v7e-m+fp/hard\libc_nano.a(lib_a-signal.o)
                0x000000000800a55c                _raise_r
 .text.raise    0x000000000800a5ac       0x10 c:/st/stm32cubeide_1.10.1/stm32cubeide/plugins/com.st.stm32cube.ide.mcu.externaltools.gnu-tools-for-stm32.10.3-2021.10.win32_1.0.0.202111181127/tools/bin/../lib/gcc/arm-none-eabi/10.3.1/../../../../arm-none-eabi/lib/thumb/v7e-m+fp/hard\libc_nano.a(lib_a-signal.o)
                0x000000000800a5ac                raise
 .text._kill_r  0x000000000800a5bc       0x24 c:/st/stm32cubeide_1.10.1/stm32cubeide/plugins/com.st.stm32cube.ide.mcu.externaltools.gnu-tools-for-stm32.10.3-2021.10.win32_1.0.0.202111181127/tools/bin/../lib/gcc/arm-none-eabi/10.3.1/../../../../arm-none-eabi/lib/thumb/v7e-m+fp/hard\libc_nano.a(lib_a-signalr.o)
                0x000000000800a5bc                _kill_r
 .text._getpid_r
                0x000000000800a5e0        0x4 c:/st/stm32cubeide_1.10.1/stm32cubeide/plugins/com.st.stm32cube.ide.mcu.externaltools.gnu-tools-for-stm32.10.3-2021.10.win32_1.0.0.202111181127/tools/bin/../lib/gcc/arm-none-eabi/10.3.1/../../../../arm-none-eabi/lib/thumb/v7e-m+fp/hard\libc_nano.a(lib_a-signalr.o)
                0x000000000800a5e0                _getpid_r
 .text.asin     0x000000000800a5e4       0x68 c:/st/stm32cubeide_1.10.1/stm32cubeide/plugins/com.st.stm32cube.ide.mcu.externaltools.gnu-tools-for-stm32.10.3-2021.10.win32_1.0.0.202111181127/tools/bin/../lib/gcc/arm-none-eabi/10.3.1/../../../../arm-none-eabi/lib/thumb/v7e-m+fp/hard\libm.a(lib_a-w_asin.o)
                0x000000000800a5e4                asin
 .text.atan2    0x000000000800a64c        0x4 c:/st/stm32cubeide_1.10.1/stm32cubeide/plugins/com.st.stm32cube.ide.mcu.externaltools.gnu-tools-for-stm32.10.3-2021.10.win32_1.0.0.202111181127/tools/bin/../lib/gcc/arm-none-eabi/10.3.1/../../../../arm-none-eabi/lib/thumb/v7e-m+fp/hard\libm.a(lib_a-w_atan2.o)
                0x000000000800a64c                atan2
 .text.sqrt     0x000000000800a650       0x58 c:/st/stm32cubeide_1.10.1/stm32cubeide/plugins/com.st.stm32cube.ide.mcu.externaltools.gnu-tools-for-stm32.10.3-2021.10.win32_1.0.0.202111181127/tools/bin/../lib/gcc/arm-none-eabi/10.3.1/../../../../arm-none-eabi/lib/thumb/v7e-m+fp/hard\libm.a(lib_a-w_sqrt.o)
                0x000000000800a650                sqrt
 .text.__ieee754_asin
                0x000000000800a6a8      0x428 c:/st/stm32cubeide_1.10.1/stm32cubeide/plugins/com.st.stm32cube.ide.mcu.externaltools.gnu-tools-for-stm32.10.3-2021.10.win32_1.0.0.202111181127/tools/bin/../lib/gcc/arm-none-eabi/10.3.1/../../../../arm-none-eabi/lib/thumb/v7e-m+fp/hard\libm.a(lib_a-e_asin.o)
                0x000000000800a6a8                __ieee754_asin
 .text.__ieee754_atan2
                0x000000000800aad0      0x194 c:/st/stm32cubeide_1.10.1/stm32cubeide/plugins/com.st.stm32cube.ide.mcu.externaltools.gnu-tools-for-stm32.10.3-2021.10.win32_1.0.0.202111181127/tools/bin/../lib/gcc/arm-none-eabi/10.3.1/../../../../arm-none-eabi/lib/thumb/v7e-m+fp/hard\libm.a(lib_a-e_atan2.o)
                0x000000000800aad0                __ieee754_atan2
 .text.__ieee754_sqrt
                0x000000000800ac64      0x164 c:/st/stm32cubeide_1.10.1/stm32cubeide/plugins/com.st.stm32cube.ide.mcu.externaltools.gnu-tools-for-stm32.10.3-2021.10.win32_1.0.0.202111181127/tools/bin/../lib/gcc/arm-none-eabi/10.3.1/../../../../arm-none-eabi/lib/thumb/v7e-m+fp/hard\libm.a(lib_a-e_sqrt.o)
                0x000000000800ac64                __ieee754_sqrt
 .text.atan     0x000000000800adc8      0x340 c:/st/stm32cubeide_1.10.1/stm32cubeide/plugins/com.st.stm32cube.ide.mcu.externaltools.gnu-tools-for-stm32.10.3-2021.10.win32_1.0.0.202111181127/tools/bin/../lib/gcc/arm-none-eabi/10.3.1/../../../../arm-none-eabi/lib/thumb/v7e-m+fp/hard\libm.a(lib_a-s_atan.o)
                0x000000000800adc8                atan
 .text.fabs     0x000000000800b108       0x12 c:/st/stm32cubeide_1.10.1/stm32cubeide/plugins/com.st.stm32cube.ide.mcu.externaltools.gnu-tools-for-stm32.10.3-2021.10.win32_1.0.0.202111181127/tools/bin/../lib/gcc/arm-none-eabi/10.3.1/../../../../arm-none-eabi/lib/thumb/v7e-m+fp/hard\libm.a(lib_a-s_fabs.o)
                0x000000000800b108                fabs
 *fill*         0x000000000800b11a        0x6 
 .text.nan      0x000000000800b120       0x10 c:/st/stm32cubeide_1.10.1/stm32cubeide/plugins/com.st.stm32cube.ide.mcu.externaltools.gnu-tools-for-stm32.10.3-2021.10.win32_1.0.0.202111181127/tools/bin/../lib/gcc/arm-none-eabi/10.3.1/../../../../arm-none-eabi/lib/thumb/v7e-m+fp/hard\libm.a(lib_a-s_nan.o)
                0x000000000800b120                nan
 *(.glue_7)
 .glue_7        0x000000000800b130        0x0 linker stubs
 *(.glue_7t)
 .glue_7t       0x000000000800b130        0x0 linker stubs
 *(.eh_frame)
 .eh_frame      0x000000000800b130        0x0 c:/st/stm32cubeide_1.10.1/stm32cubeide/plugins/com.st.stm32cube.ide.mcu.externaltools.gnu-tools-for-stm32.10.3-2021.10.win32_1.0.0.202111181127/tools/bin/../lib/gcc/arm-none-eabi/10.3.1/thumb/v7e-m+fp/hard/crtbegin.o
 *(.init)
 .init          0x000000000800b130        0x4 c:/st/stm32cubeide_1.10.1/stm32cubeide/plugins/com.st.stm32cube.ide.mcu.externaltools.gnu-tools-for-stm32.10.3-2021.10.win32_1.0.0.202111181127/tools/bin/../lib/gcc/arm-none-eabi/10.3.1/thumb/v7e-m+fp/hard/crti.o
                0x000000000800b130                _init
 .init          0x000000000800b134        0x8 c:/st/stm32cubeide_1.10.1/stm32cubeide/plugins/com.st.stm32cube.ide.mcu.externaltools.gnu-tools-for-stm32.10.3-2021.10.win32_1.0.0.202111181127/tools/bin/../lib/gcc/arm-none-eabi/10.3.1/thumb/v7e-m+fp/hard/crtn.o
 *(.fini)
 .fini          0x000000000800b13c        0x4 c:/st/stm32cubeide_1.10.1/stm32cubeide/plugins/com.st.stm32cube.ide.mcu.externaltools.gnu-tools-for-stm32.10.3-2021.10.win32_1.0.0.202111181127/tools/bin/../lib/gcc/arm-none-eabi/10.3.1/thumb/v7e-m+fp/hard/crti.o
                0x000000000800b13c                _fini